Archive member included to satisfy reference by file (symbol)

c:/program files (x86)/atmel/studio/7.0/toolchain/avr8/avr8-gnu-toolchain/bin/../lib/gcc/avr/5.4.0/../../../../avr/lib/avr5\libm.a(divsf3.o)
                              ADXL345.o (__divsf3)
c:/program files (x86)/atmel/studio/7.0/toolchain/avr8/avr8-gnu-toolchain/bin/../lib/gcc/avr/5.4.0/../../../../avr/lib/avr5\libm.a(divsf3x.o)
                              c:/program files (x86)/atmel/studio/7.0/toolchain/avr8/avr8-gnu-toolchain/bin/../lib/gcc/avr/5.4.0/../../../../avr/lib/avr5\libm.a(divsf3.o) (__divsf3x)
c:/program files (x86)/atmel/studio/7.0/toolchain/avr8/avr8-gnu-toolchain/bin/../lib/gcc/avr/5.4.0/../../../../avr/lib/avr5\libm.a(fixsfsi.o)
                              ADXL345.o (__fixsfsi)
c:/program files (x86)/atmel/studio/7.0/toolchain/avr8/avr8-gnu-toolchain/bin/../lib/gcc/avr/5.4.0/../../../../avr/lib/avr5\libm.a(fixunssfsi.o)
                              src/libraries/FastLED-3.1/colorutils.o (__fixunssfsi)
c:/program files (x86)/atmel/studio/7.0/toolchain/avr8/avr8-gnu-toolchain/bin/../lib/gcc/avr/5.4.0/../../../../avr/lib/avr5\libm.a(floatsisf.o)
                              src/libraries/FastLED-3.1/colorutils.o (__floatunsisf)
c:/program files (x86)/atmel/studio/7.0/toolchain/avr8/avr8-gnu-toolchain/bin/../lib/gcc/avr/5.4.0/../../../../avr/lib/avr5\libm.a(fp_inf.o)
                              c:/program files (x86)/atmel/studio/7.0/toolchain/avr8/avr8-gnu-toolchain/bin/../lib/gcc/avr/5.4.0/../../../../avr/lib/avr5\libm.a(divsf3x.o) (__fp_inf)
c:/program files (x86)/atmel/studio/7.0/toolchain/avr8/avr8-gnu-toolchain/bin/../lib/gcc/avr/5.4.0/../../../../avr/lib/avr5\libm.a(fp_nan.o)
                              c:/program files (x86)/atmel/studio/7.0/toolchain/avr8/avr8-gnu-toolchain/bin/../lib/gcc/avr/5.4.0/../../../../avr/lib/avr5\libm.a(divsf3x.o) (__fp_nan)
c:/program files (x86)/atmel/studio/7.0/toolchain/avr8/avr8-gnu-toolchain/bin/../lib/gcc/avr/5.4.0/../../../../avr/lib/avr5\libm.a(fp_pscA.o)
                              c:/program files (x86)/atmel/studio/7.0/toolchain/avr8/avr8-gnu-toolchain/bin/../lib/gcc/avr/5.4.0/../../../../avr/lib/avr5\libm.a(divsf3x.o) (__fp_pscA)
c:/program files (x86)/atmel/studio/7.0/toolchain/avr8/avr8-gnu-toolchain/bin/../lib/gcc/avr/5.4.0/../../../../avr/lib/avr5\libm.a(fp_pscB.o)
                              c:/program files (x86)/atmel/studio/7.0/toolchain/avr8/avr8-gnu-toolchain/bin/../lib/gcc/avr/5.4.0/../../../../avr/lib/avr5\libm.a(divsf3x.o) (__fp_pscB)
c:/program files (x86)/atmel/studio/7.0/toolchain/avr8/avr8-gnu-toolchain/bin/../lib/gcc/avr/5.4.0/../../../../avr/lib/avr5\libm.a(fp_round.o)
                              c:/program files (x86)/atmel/studio/7.0/toolchain/avr8/avr8-gnu-toolchain/bin/../lib/gcc/avr/5.4.0/../../../../avr/lib/avr5\libm.a(divsf3.o) (__fp_round)
c:/program files (x86)/atmel/studio/7.0/toolchain/avr8/avr8-gnu-toolchain/bin/../lib/gcc/avr/5.4.0/../../../../avr/lib/avr5\libm.a(fp_split3.o)
                              c:/program files (x86)/atmel/studio/7.0/toolchain/avr8/avr8-gnu-toolchain/bin/../lib/gcc/avr/5.4.0/../../../../avr/lib/avr5\libm.a(divsf3x.o) (__fp_split3)
c:/program files (x86)/atmel/studio/7.0/toolchain/avr8/avr8-gnu-toolchain/bin/../lib/gcc/avr/5.4.0/../../../../avr/lib/avr5\libm.a(fp_zero.o)
                              c:/program files (x86)/atmel/studio/7.0/toolchain/avr8/avr8-gnu-toolchain/bin/../lib/gcc/avr/5.4.0/../../../../avr/lib/avr5\libm.a(fixunssfsi.o) (__fp_zero)
c:/program files (x86)/atmel/studio/7.0/toolchain/avr8/avr8-gnu-toolchain/bin/../lib/gcc/avr/5.4.0/../../../../avr/lib/avr5\libm.a(mulsf3.o)
                              ADXL345.o (__mulsf3)
c:/program files (x86)/atmel/studio/7.0/toolchain/avr8/avr8-gnu-toolchain/bin/../lib/gcc/avr/5.4.0/../../../../avr/lib/avr5\libm.a(mulsf3x.o)
                              c:/program files (x86)/atmel/studio/7.0/toolchain/avr8/avr8-gnu-toolchain/bin/../lib/gcc/avr/5.4.0/../../../../avr/lib/avr5\libm.a(mulsf3.o) (__mulsf3x)
c:/program files (x86)/atmel/studio/7.0/toolchain/avr8/avr8-gnu-toolchain/bin/../lib/gcc/avr/5.4.0/../../../../avr/lib/avr5\libm.a(pow.o)
                              ADXL345.o (pow)
c:/program files (x86)/atmel/studio/7.0/toolchain/avr8/avr8-gnu-toolchain/bin/../lib/gcc/avr/5.4.0/../../../../avr/lib/avr5\libm.a(exp.o)
                              c:/program files (x86)/atmel/studio/7.0/toolchain/avr8/avr8-gnu-toolchain/bin/../lib/gcc/avr/5.4.0/../../../../avr/lib/avr5\libm.a(pow.o) (exp)
c:/program files (x86)/atmel/studio/7.0/toolchain/avr8/avr8-gnu-toolchain/bin/../lib/gcc/avr/5.4.0/../../../../avr/lib/avr5\libm.a(fp_powser.o)
                              c:/program files (x86)/atmel/studio/7.0/toolchain/avr8/avr8-gnu-toolchain/bin/../lib/gcc/avr/5.4.0/../../../../avr/lib/avr5\libm.a(exp.o) (__fp_powser)
[...]
Memory Configuration

Name             Origin             Length             Attributes
text             0x00000000         0x00020000         xr
data             0x00800060         0x0000ffa0         rw !x
eeprom           0x00810000         0x00010000         rw !x
fuse             0x00820000         0x00000003         rw !x
lock             0x00830000         0x00000400         rw !x
signature        0x00840000         0x00000400         rw !x
user_signatures  0x00850000         0x00000400         rw !x
*default*        0x00000000         0xffffffff

Linker script and memory map

Address of section .data set to 0x800100
LOAD C:/Program Files (x86)/Atmel/Studio/7.0/Packs/atmel/ATmega_DFP/1.2.150/gcc/dev/atmega644/avr5/crtatmega644.o
LOAD ADXL345.o
LOAD Menus.o
LOAD OLED.o
LOAD Rotary.o
LOAD Sketch.o
LOAD src/libraries/AltSoftSerial-master/AltSoftSerial.o
LOAD src/libraries/FastLED-3.1/bitswap.o
LOAD src/libraries/FastLED-3.1/colorpalettes.o
LOAD src/libraries/FastLED-3.1/colorutils.o
LOAD src/libraries/FastLED-3.1/FastLED.o
LOAD src/libraries/FastLED-3.1/hsv2rgb.o
LOAD src/libraries/FastLED-3.1/lib8tion.o
LOAD src/libraries/FastLED-3.1/noise.o
LOAD src/libraries/FastLED-3.1/power_mgt.o
LOAD src/libraries/FastLED-3.1/wiring.o
LOAD src/libraries/OneButton-master/src/OneButton.o
LOAD src/libraries/Wire/src/utility/twi.o
LOAD src/libraries/Wire/src/Wire.o
START GROUP
LOAD c:/program files (x86)/atmel/studio/7.0/toolchain/avr8/avr8-gnu-toolchain/bin/../lib/gcc/avr/5.4.0/../../../../avr/lib/avr5\libm.a
LOAD C:\Users\Jeremy\Documents\Atmel Studio\7.0\LS_1_4_2 - DO_NOT_TOUCH\ls\ArduinoCore\Debug\libArduinoCore.a
END GROUP
LOAD c:/program files (x86)/atmel/studio/7.0/toolchain/avr8/avr8-gnu-toolchain/bin/../lib/gcc/avr/5.4.0/avr5\libgcc.a
LOAD c:/program files (x86)/atmel/studio/7.0/toolchain/avr8/avr8-gnu-toolchain/bin/../lib/gcc/avr/5.4.0/../../../../avr/lib/avr5\libm.a
START GROUP
LOAD c:/program files (x86)/atmel/studio/7.0/toolchain/avr8/avr8-gnu-toolchain/bin/../lib/gcc/avr/5.4.0/avr5\libgcc.a
LOAD c:/program files (x86)/atmel/studio/7.0/toolchain/avr8/avr8-gnu-toolchain/bin/../lib/gcc/avr/5.4.0/../../../../avr/lib/avr5\libm.a
LOAD c:/program files (x86)/atmel/studio/7.0/toolchain/avr8/avr8-gnu-toolchain/bin/../lib/gcc/avr/5.4.0/../../../../avr/lib/avr5\libc.a
LOAD C:/Program Files (x86)/Atmel/Studio/7.0/Packs/atmel/ATmega_DFP/1.2.150/gcc/dev/atmega644/avr5\libatmega644.a
END GROUP
                0x00020000                __TEXT_REGION_LENGTH__ = DEFINED (__TEXT_REGION_LENGTH__)?__TEXT_REGION_LENGTH__:0x20000
                0x0000ffa0                __DATA_REGION_LENGTH__ = DEFINED (__DATA_REGION_LENGTH__)?__DATA_REGION_LENGTH__:0xffa0
                0x00010000                __EEPROM_REGION_LENGTH__ = DEFINED (__EEPROM_REGION_LENGTH__)?__EEPROM_REGION_LENGTH__:0x10000
                [0x00000003]                __FUSE_REGION_LENGTH__ = DEFINED (__FUSE_REGION_LENGTH__)?__FUSE_REGION_LENGTH__:0x400
                0x00000400                __LOCK_REGION_LENGTH__ = DEFINED (__LOCK_REGION_LENGTH__)?__LOCK_REGION_LENGTH__:0x400
                0x00000400                __SIGNATURE_REGION_LENGTH__ = DEFINED (__SIGNATURE_REGION_LENGTH__)?__SIGNATURE_REGION_LENGTH__:0x400
                0x00000400                __USER_SIGNATURE_REGION_LENGTH__ = DEFINED (__USER_SIGNATURE_REGION_LENGTH__)?__USER_SIGNATURE_REGION_LENGTH__:0x400

.hash
 *(.hash)

.dynsym
 *(.dynsym)

.dynstr
 *(.dynstr)

.gnu.version
 *(.gnu.version)

.gnu.version_d
 *(.gnu.version_d)

.gnu.version_r
 *(.gnu.version_r)

.rel.init
 *(.rel.init)

.rela.init
 *(.rela.init)

.rel.text
 *(.rel.text)
 *(.rel.text.*)
 *(.rel.gnu.linkonce.t*)

.rela.text
 *(.rela.text)
 *(.rela.text.*)
 *(.rela.gnu.linkonce.t*)

.rel.fini
 *(.rel.fini)

.rela.fini
 *(.rela.fini)

.rel.rodata
 *(.rel.rodata)
 *(.rel.rodata.*)
 *(.rel.gnu.linkonce.r*)

.rela.rodata
 *(.rela.rodata)
 *(.rela.rodata.*)
 *(.rela.gnu.linkonce.r*)

.rel.data
 *(.rel.data)
 *(.rel.data.*)
 *(.rel.gnu.linkonce.d*)

.rela.data
 *(.rela.data)
 *(.rela.data.*)
 *(.rela.gnu.linkonce.d*)

.rel.ctors
 *(.rel.ctors)

.rela.ctors
 *(.rela.ctors)

.rel.dtors
 *(.rel.dtors)

.rela.dtors
 *(.rela.dtors)

.rel.got
 *(.rel.got)

.rela.got
 *(.rela.got)

.rel.bss
 *(.rel.bss)

.rela.bss
 *(.rela.bss)

.rel.plt
 *(.rel.plt)

.rela.plt
 *(.rela.plt)

.text           0x00000000     0x55c8
 *(.vectors)
 .vectors       0x00000000       0x70 C:/Program Files (x86)/Atmel/Studio/7.0/Packs/atmel/ATmega_DFP/1.2.150/gcc/dev/atmega644/avr5/crtatmega644.o
                0x00000000                __vector_default
                0x00000000                __vectors
 *(.vectors)
 *(.progmem.gcc*)
 .progmem.gcc_sw_table.loop
                0x00000070       0x3a Sketch.o
                0x000000aa                . = ALIGN (0x2)
                0x000000aa                __trampolines_start = .
 *(.trampolines)
 .trampolines   0x000000aa        0x0 linker stubs
 *(.trampolines*)
                0x000000aa                __trampolines_end = .
 *libprintf_flt.a:*(.progmem.data)
 *libc.a:*(.progmem.data)
 *(.progmem*)
 .progmem.data._ZL16clearScreenTable
                0x000000aa        0x6 OLED.o
 .progmem.data._ZL9initTable
                0x000000b0       0x19 OLED.o
 .progmem.data._ZL4fTbl
                0x000000c9        0xe OLED.o
 .progmem.data._ZL5font3
                0x000000d7       0x14 OLED.o
 .progmem.data._ZL4f3_9
                0x000000eb       0x27 OLED.o
 .progmem.data._ZL4f3_8
                0x00000112       0x24 OLED.o
 .progmem.data._ZL4f3_7
                0x00000136       0x15 OLED.o
 .progmem.data._ZL4f3_6
                0x0000014b       0x20 OLED.o
 .progmem.data._ZL4f3_5
                0x0000016b       0x1a OLED.o
 .progmem.data._ZL4f3_4
                0x00000185       0x1a OLED.o
 .progmem.data._ZL4f3_3
                0x0000019f       0x22 OLED.o
 .progmem.data._ZL4f3_2
                0x000001c1       0x2b OLED.o
 .progmem.data._ZL4f3_1
                0x000001ec       0x12 OLED.o
 .progmem.data._ZL4f3_0
                0x000001fe       0x26 OLED.o
 .progmem.data._ZL5font2
                0x00000224       0x14 OLED.o
 .progmem.data._ZL4f2_9
                0x00000238       0x14 OLED.o
 .progmem.data._ZL4f2_8
                0x0000024c       0x14 OLED.o
 .progmem.data._ZL4f2_7
                0x00000260        0xd OLED.o
 .progmem.data._ZL4f2_6
                0x0000026d       0x14 OLED.o
 .progmem.data._ZL4f2_5
                0x00000281       0x12 OLED.o
 .progmem.data._ZL4f2_4
                0x00000293       0x10 OLED.o
 .progmem.data._ZL4f2_3
                0x000002a3       0x15 OLED.o
 .progmem.data._ZL4f2_2
                0x000002b8       0x15 OLED.o
 .progmem.data._ZL4f2_1
                0x000002cd        0xf OLED.o
 .progmem.data._ZL4f2_0
                0x000002dc       0x16 OLED.o
 .progmem.data._ZL4font
                0x000002f2      0x1e5 OLED.o
 .progmem.data._ZL19BrightnessMenu_PROG
                0x000004d7        0x6 Sketch.o
 .progmem.data._ZL19AnimationsMenu_PROG
                0x000004dd       0x28 Sketch.o
 .progmem.data._ZL13SubMenu_STACK
                0x00000505        0x6 Sketch.o
 .progmem.data._ZL15SubMenu_FLICKER
                0x0000050b        0x8 Sketch.o
 .progmem.data._ZL17SubMenu_WAVERACER
                0x00000513        0xb Sketch.o
 .progmem.data._ZL14SubMenu_CLOUDS
                0x0000051e        0x7 Sketch.o
 .progmem.data._ZL13SubMenu_COMET
                0x00000525        0x6 Sketch.o
 .progmem.data._ZL12SubMenu_PONG
                0x0000052b        0x5 Sketch.o
 .progmem.data._ZL22SubMenu_RAINBOWGLITTER
                0x00000530       0x10 Sketch.o
 .progmem.data._ZL15SubMenu_RAINBOW
                0x00000540        0x8 Sketch.o
 .progmem.data._ZL16SubMenu_SPECTRUM
                0x00000548        0x9 Sketch.o
 .progmem.data._ZL13SubMenu_WONKA
                0x00000551        0x6 Sketch.o
 .progmem.data._ZL15SubMenu_P_1940S
                0x00000557       0x15 Sketch.o
 .progmem.data._ZL17SubMenu_WHITEWAVE
                0x0000056c        0xb Sketch.o
 .progmem.data._ZL15SubMenu_SEIZURE
                0x00000577        0x8 Sketch.o
 .progmem.data._ZL13SubMenu_JOKER
                0x0000057f        0x6 Sketch.o
 .progmem.data._ZL16SubMenu_SKITTLES
                0x00000585        0x9 Sketch.o
 .progmem.data._ZL16SubMenu_ACIDRAIN
                0x0000058e        0xa Sketch.o
 .progmem.data._ZL12SubMenu_FADE
                0x00000598        0x5 Sketch.o
 .progmem.data._ZL15SubMenu_LANTERN
                0x0000059d        0x8 Sketch.o
 .progmem.data._ZL13SubMenu_TORCH
                0x000005a5        0x6 Sketch.o
 .progmem.data._ZL13RootMenu_PROG
                0x000005ab        0x8 Sketch.o
 .progmem.data._ZL19RootMenu_Item2_PROG
                0x000005b3        0xc Sketch.o
 .progmem.data._ZL19RootMenu_Item1_PROG
                0x000005bf        0xc Sketch.o
 .progmem.data._ZL9BACK_PROG
                0x000005cb        0x8 Sketch.o
 .progmem.data._ZL11Dashes_PROG
                0x000005d3       0x16 Sketch.o
 .progmem.data._ZL13RootDash_PROG
                0x000005e9        0x2 Sketch.o
 .progmem.data.HeatColors_p
                0x000005eb       0x40 src/libraries/FastLED-3.1/colorpalettes.o
                0x000005eb                HeatColors_p
 .progmem.data.PartyColors_p
                0x0000062b       0x40 src/libraries/FastLED-3.1/colorpalettes.o
                0x0000062b                PartyColors_p
 .progmem.data.RainbowStripeColors_p
                0x0000066b       0x40 src/libraries/FastLED-3.1/colorpalettes.o
                0x0000066b                RainbowStripeColors_p
 .progmem.data.RainbowColors_p
                0x000006ab       0x40 src/libraries/FastLED-3.1/colorpalettes.o
                0x000006ab                RainbowColors_p
 .progmem.data.CloudColors_p
                0x000006eb       0x40 src/libraries/FastLED-3.1/colorpalettes.o
                0x000006eb                CloudColors_p
 .progmem.data.digital_pin_to_timer_PGM
                0x0000072b       0x20 C:\Users\Jeremy\Documents\Atmel Studio\7.0\LS_1_4_2 - DO_NOT_TOUCH\ls\ArduinoCore\Debug\libArduinoCore.a(wiring_digital.o)
                0x0000072b                digital_pin_to_timer_PGM
 .progmem.data.digital_pin_to_bit_mask_PGM
                0x0000074b       0x20 C:\Users\Jeremy\Documents\Atmel Studio\7.0\LS_1_4_2 - DO_NOT_TOUCH\ls\ArduinoCore\Debug\libArduinoCore.a(wiring_digital.o)
                0x0000074b                digital_pin_to_bit_mask_PGM
 .progmem.data.digital_pin_to_port_PGM
                0x0000076b       0x20 C:\Users\Jeremy\Documents\Atmel Studio\7.0\LS_1_4_2 - DO_NOT_TOUCH\ls\ArduinoCore\Debug\libArduinoCore.a(wiring_digital.o)
                0x0000076b                digital_pin_to_port_PGM
 .progmem.data.port_to_input_PGM
                0x0000078b        0xa C:\Users\Jeremy\Documents\Atmel Studio\7.0\LS_1_4_2 - DO_NOT_TOUCH\ls\ArduinoCore\Debug\libArduinoCore.a(wiring_digital.o)
                0x0000078b                port_to_input_PGM
 .progmem.data.port_to_output_PGM
                0x00000795        0xa C:\Users\Jeremy\Documents\Atmel Studio\7.0\LS_1_4_2 - DO_NOT_TOUCH\ls\ArduinoCore\Debug\libArduinoCore.a(wiring_digital.o)
                0x00000795                port_to_output_PGM
 .progmem.data.port_to_mode_PGM
                0x0000079f        0xa C:\Users\Jeremy\Documents\Atmel Studio\7.0\LS_1_4_2 - DO_NOT_TOUCH\ls\ArduinoCore\Debug\libArduinoCore.a(wiring_digital.o)
                0x0000079f                port_to_mode_PGM
                0x000007aa                . = ALIGN (0x2)
 *fill*         0x000007a9        0x1 
 *(.jumptables)
 *(.jumptables*)
 *(.lowtext)
 *(.lowtext*)
                0x000007aa                __ctors_start = .
 *(.ctors)
 .ctors         0x000007aa        0x2 Sketch.o
 .ctors         0x000007ac        0x2 src/libraries/FastLED-3.1/FastLED.o
 .ctors         0x000007ae        0x2 src/libraries/Wire/src/Wire.o
 .ctors         0x000007b0        0x2 C:\Users\Jeremy\Documents\Atmel Studio\7.0\LS_1_4_2 - DO_NOT_TOUCH\ls\ArduinoCore\Debug\libArduinoCore.a(HardwareSerial0.o)
                0x000007b2                __ctors_end = .
                0x000007b2                __dtors_start = .
 *(.dtors)
 .dtors         0x000007b2        0x2 Sketch.o
                0x000007b4                __dtors_end = .
 SORT(*)(.ctors)
 SORT(*)(.dtors)
 *(.init0)
 .init0         0x000007b4        0x0 C:/Program Files (x86)/Atmel/Studio/7.0/Packs/atmel/ATmega_DFP/1.2.150/gcc/dev/atmega644/avr5/crtatmega644.o
                0x000007b4                __init
 *(.init0)
 *(.init1)
 *(.init1)
 *(.init2)
 .init2         0x000007b4        0xc C:/Program Files (x86)/Atmel/Studio/7.0/Packs/atmel/ATmega_DFP/1.2.150/gcc/dev/atmega644/avr5/crtatmega644.o
 *(.init2)
 *(.init3)
 *(.init3)
 *(.init4)
 .init4         0x000007c0       0x16 c:/program files (x86)/atmel/studio/7.0/toolchain/avr8/avr8-gnu-toolchain/bin/../lib/gcc/avr/5.4.0/avr5\libgcc.a(_copy_data.o)
                0x000007c0                __do_copy_data
 .init4         0x000007d6       0x10 c:/program files (x86)/atmel/studio/7.0/toolchain/avr8/avr8-gnu-toolchain/bin/../lib/gcc/avr/5.4.0/avr5\libgcc.a(_clear_bss.o)
                0x000007d6                __do_clear_bss
 *(.init4)
 *(.init5)
 *(.init5)
 *(.init6)
 .init6         0x000007e6       0x16 c:/program files (x86)/atmel/studio/7.0/toolchain/avr8/avr8-gnu-toolchain/bin/../lib/gcc/avr/5.4.0/avr5\libgcc.a(_ctors.o)
                0x000007e6                __do_global_ctors
 *(.init6)
 *(.init7)
 *(.init7)
 *(.init8)
 *(.init8)
 *(.init9)
 .init9         0x000007fc        0x8 C:/Program Files (x86)/Atmel/Studio/7.0/Packs/atmel/ATmega_DFP/1.2.150/gcc/dev/atmega644/avr5/crtatmega644.o
 *(.init9)
 *(.text)
 .text          0x00000804        0x4 C:/Program Files (x86)/Atmel/Studio/7.0/Packs/atmel/ATmega_DFP/1.2.150/gcc/dev/atmega644/avr5/crtatmega644.o
                0x00000804                __vector_22
                0x00000804                __vector_1
                0x00000804                __vector_24
                0x00000804                __bad_interrupt
                0x00000804                __vector_6
                0x00000804                __vector_3
                0x00000804                __vector_23
                0x00000804                __vector_25
                0x00000804                __vector_11
                0x00000804                __vector_17
                0x00000804                __vector_19
                0x00000804                __vector_7
                0x00000804                __vector_27
                0x00000804                __vector_5
                0x00000804                __vector_9
                0x00000804                __vector_2
                0x00000804                __vector_15
                0x00000804                __vector_8
                0x00000804                __vector_10
                0x00000804                __vector_16
                0x00000808                . = ALIGN (0x2)
 *(.text.*)
 .text._ZN7ADXL345C2Ev
                0x00000808       0x3a ADXL345.o
                0x00000808                _ZN7ADXL345C1Ev
                0x00000808                _ZN7ADXL345C2Ev
 .text._ZN7ADXL3457writeToEhh
                0x00000842       0x34 ADXL345.o
                0x00000842                _ZN7ADXL3457writeToEhh
 .text._ZN7ADXL3457powerOnEv
                0x00000876       0x30 ADXL345.o
                0x00000876                _ZN7ADXL3457powerOnEv
 .text._ZN7ADXL3458readFromEhiPh
                0x000008a6       0x9e ADXL345.o
                0x000008a6                _ZN7ADXL3458readFromEhiPh
 .text._ZN7ADXL3457readXYZEPiS0_S0_
                0x00000944       0x58 ADXL345.o
                0x00000944                _ZN7ADXL3457readXYZEPiS0_S0_
 .text._ZN13AnimationMenuD2Ev
                0x0000099c        0x2 Menus.o
                0x0000099c                _ZN13AnimationMenuD2Ev
                0x0000099c                _ZN13AnimationMenuD1Ev
 .text._ZN13AnimationMenu10MenuActionEh
                0x0000099e       0x74 Menus.o
                0x0000099e                _ZN13AnimationMenu10MenuActionEh
 .text._ZN13AnimationMenuD0Ev
                0x00000a12        0x4 Menus.o
                0x00000a12                _ZN13AnimationMenuD0Ev
 .text._ZN4Menu7prependEPcPKc
                0x00000a16       0x58 Menus.o
                0x00000a16                _ZN4Menu7prependEPcPKc
 .text._ZN13AnimationMenu8ShowMenuEv
                0x00000a6e      0x1c0 Menus.o
                0x00000a6e                _ZN13AnimationMenu8ShowMenuEv
 .text._ZN5Print17availableForWriteEv
                0x00000c2e        0x6 OLED.o
                0x00000c2e                _ZN5Print17availableForWriteEv
 .text._ZN5Print5flushEv
                0x00000c34        0x2 OLED.o
                0x00000c34                _ZN5Print5flushEv
 .text._ZN4OLED11EndTransferEv
                0x00000c36       0x12 OLED.o
                0x00000c36                _ZN4OLED11EndTransferEv
 .text._ZN4OLED18I2CRestartTransferEv
                0x00000c48       0x16 OLED.o
                0x00000c48                _ZN4OLED18I2CRestartTransferEv
 .text._ZN4OLED5writeEPKc
                0x00000c5e       0x1e OLED.o
                0x00000c5e                _ZN4OLED5writeEPKc
 .text._ZN4OLED9WriteDataEh
                0x00000c7c       0x4c OLED.o
                0x00000c7c                _ZN4OLED9WriteDataEh
 .text._ZN4OLED4initEv
                0x00000cc8       0x50 OLED.o
                0x00000cc8                _ZN4OLED4initEv
 .text._ZN4OLED5clearEv
                0x00000d18       0x66 OLED.o
                0x00000d18                _ZN4OLED5clearEv
 .text._ZN4OLED9setCursorEhh
                0x00000d7e       0x44 OLED.o
                0x00000d7e                _ZN4OLED9setCursorEhh
 .text._ZN4OLED5writeEPKhj
                0x00000dc2       0x6a OLED.o
                0x00000dc2                _ZN4OLED5writeEPKhj
 .text._ZN4OLED5writeEh
                0x00000e2c      0x2e8 OLED.o
                0x00000e2c                _ZN4OLED5writeEh
 .text._ZN4OLED11sendCommandEh
                0x00001114       0x18 OLED.o
                0x00001114                _ZN4OLED11sendCommandEh
 .text._ZN6RotaryC2Ecc
                0x0000112c       0x32 Rotary.o
                0x0000112c                _ZN6RotaryC1Ecc
                0x0000112c                _ZN6RotaryC2Ecc
 .text._ZN6Rotary7processEv
                0x0000115e       0x42 Rotary.o
                0x0000115e                _ZN6Rotary7processEv
 .text._ZL7scale16jj
                0x000011a0       0x26 Sketch.o
 .text._ZL7random8v
                0x000011c6       0x2a Sketch.o
 .text._ZL9sin16_avrj
                0x000011f0       0x54 Sketch.o
 .text._ZN14CLEDController4sizeEv
                0x00001244        0x8 Sketch.o
                0x00001244                _ZN14CLEDController4sizeEv
 .text._ZN14CLEDController9clearLedsEi
                0x0000124c       0x48 Sketch.o
                0x0000124c                _ZN14CLEDController9clearLedsEi
 .text._ZNK19ClocklessControllerILh28ELi6ELi8ELi6EL6EOrder66ELi0ELb0ELi10EE17getMaxRefreshRateEv
                0x00001294        0x6 Sketch.o
                0x00001294                _ZNK19ClocklessControllerILh28ELi6ELi8ELi6EL6EOrder66ELi0ELb0ELi10EE17getMaxRefreshRateEv
 .text._ZN19ClocklessControllerILh28ELi6ELi8ELi6EL6EOrder66ELi0ELb0ELi10EE4initEv
                0x0000129a        0x4 Sketch.o
                0x0000129a                _ZN19ClocklessControllerILh28ELi6ELi8ELi6EL6EOrder66ELi0ELb0ELi10EE4initEv
 .text._ZN4CRGBpLERKS_
                0x0000129e       0x30 Sketch.o
                0x0000129e                _ZN4CRGBpLERKS_
 .text._ZN13CRGBPalette16aSERA16_Km
                0x000012ce       0x3a Sketch.o
                0x000012ce                _ZN13CRGBPalette16aSERA16_Km
 .text._ZN8CFastLED4showEv
                0x00001308        0x8 Sketch.o
                0x00001308                _ZN8CFastLED4showEv
 .text._Z8pciSetuph
                0x00001310      0x132 Sketch.o
                0x00001310                _Z8pciSetuph
 .text.setup    0x00001442      0x180 Sketch.o
                0x00001442                setup
 .text.__vector_4
                0x000015c2       0xa6 Sketch.o
                0x000015c2                __vector_4
 .text._Z8Darknessv
                0x00001668       0x16 Sketch.o
                0x00001668                _Z8Darknessv
 .text._Z4Firev
                0x0000167e      0x278 Sketch.o
                0x0000167e                _Z4Firev
 .text._Z7Lanternv
                0x000018f6       0x32 Sketch.o
                0x000018f6                _Z7Lanternv
 .text._Z4Pongv
                0x00001928       0x8e Sketch.o
                0x00001928                _Z4Pongv
 .text._Z9WaveRacerv
                0x000019b6       0xe6 Sketch.o
                0x000019b6                _Z9WaveRacerv
 .text._Z5Jokerv
                0x00001a9c       0xd6 Sketch.o
                0x00001a9c                _Z5Jokerv
 .text._Z7p_1940sv
                0x00001b72       0x4e Sketch.o
                0x00001b72                _Z7p_1940sv
 .text._Z7Seizurev
                0x00001bc0       0x66 Sketch.o
                0x00001bc0                _Z7Seizurev
 .text._Z7Flickerv
                0x00001c26       0xac Sketch.o
                0x00001c26                _Z7Flickerv
 .text._Z25FillLEDsFromPaletteColorsh
                0x00001cd2       0xc8 Sketch.o
                0x00001cd2                _Z25FillLEDsFromPaletteColorsh
 .text._Z6Cloudsv
                0x00001d9a       0x20 Sketch.o
                0x00001d9a                _Z6Cloudsv
 .text._Z8FunStuffh
                0x00001dba       0x86 Sketch.o
                0x00001dba                _Z8FunStuffh
 .text._Z7fadeallv
                0x00001e40       0x38 Sketch.o
                0x00001e40                _Z7fadeallv
 .text._Z10addGlitterh
                0x00001e78       0x78 Sketch.o
                0x00001e78                _Z10addGlitterh
 .text._Z14RainbowGlitterv
                0x00001ef0       0x1a Sketch.o
                0x00001ef0                _Z14RainbowGlitterv
 .text._Z5Stackv
                0x00001f0a       0xec Sketch.o
                0x00001f0a                _Z5Stackv
 .text._Z5rgORbv
                0x00001ff6       0x52 Sketch.o
                0x00001ff6                _Z5rgORbv
 .text._Z5Cometv
                0x00002048       0xce Sketch.o
                0x00002048                _Z5Cometv
 .text._Z4Fadev
                0x00002116       0x48 Sketch.o
                0x00002116                _Z4Fadev
 .text.loop     0x0000215e      0x5f8 Sketch.o
                0x0000215e                loop
 .text._ZN19ClocklessControllerILh28ELi6ELi8ELi6EL6EOrder66ELi0ELb0ELi10EE15showRGBInternalER15PixelControllerILS0_66ELi1ELm4294967295EE
                0x00002756      0x3c8 Sketch.o
                0x00002756                _ZN19ClocklessControllerILh28ELi6ELi8ELi6EL6EOrder66ELi0ELb0ELi10EE15showRGBInternalER15PixelControllerILS0_66ELi1ELm4294967295EE
 .text._ZN19ClocklessControllerILh28ELi6ELi8ELi6EL6EOrder66ELi0ELb0ELi10EE10showPixelsER15PixelControllerILS0_66ELi1ELm4294967295EE
                0x00002b1e       0xe6 Sketch.o
                0x00002b1e                _ZN19ClocklessControllerILh28ELi6ELi8ELi6EL6EOrder66ELi0ELb0ELi10EE10showPixelsER15PixelControllerILS0_66ELi1ELm4294967295EE
 .text._ZN15PixelControllerIL6EOrder66ELi1ELm4294967295EE11initOffsetsEi
                0x00002c04        0x8 Sketch.o
                0x00002c04                _ZN15PixelControllerIL6EOrder66ELi1ELm4294967295EE11initOffsetsEi
 .text._ZN15PixelControllerIL6EOrder66ELi1ELm4294967295EE21init_binary_ditheringEv
                0x00002c0c       0x7e Sketch.o
                0x00002c0c                _ZN15PixelControllerIL6EOrder66ELi1ELm4294967295EE21init_binary_ditheringEv
 .text._ZN19CPixelLEDControllerIL6EOrder66ELi1ELm4294967295EE9showColorERK4CRGBiS2_
                0x00002c8a       0x96 Sketch.o
                0x00002c8a                _ZN19CPixelLEDControllerIL6EOrder66ELi1ELm4294967295EE9showColorERK4CRGBiS2_
 .text._ZN19CPixelLEDControllerIL6EOrder66ELi1ELm4294967295EE4showEPK4CRGBiS2_
                0x00002d20       0x98 Sketch.o
                0x00002d20                _ZN19CPixelLEDControllerIL6EOrder66ELi1ELm4294967295EE4showEPK4CRGBiS2_
 .text.startup._GLOBAL__sub_I_altSerial
                0x00002db8       0x40 Sketch.o
 .text.exit._GLOBAL__sub_D_altSerial
                0x00002df8       0x18 Sketch.o
 .text._ZN13AltSoftSerial4readEv
                0x00002e10       0x2c src/libraries/AltSoftSerial-master/AltSoftSerial.o
                0x00002e10                _ZN13AltSoftSerial4readEv
 .text._ZN13AltSoftSerial4peekEv
                0x00002e3c       0x26 src/libraries/AltSoftSerial-master/AltSoftSerial.o
                0x00002e3c                _ZN13AltSoftSerial4peekEv
 .text._ZN13AltSoftSerial9availableEv
                0x00002e62       0x1e src/libraries/AltSoftSerial-master/AltSoftSerial.o
                0x00002e62                _ZN13AltSoftSerial9availableEv
 .text._ZN13AltSoftSerial4initEm
                0x00002e80       0xd4 src/libraries/AltSoftSerial-master/AltSoftSerial.o
                0x00002e80                _ZN13AltSoftSerial4initEm
 .text._ZN13AltSoftSerial9writeByteEh
                0x00002f54       0x6e src/libraries/AltSoftSerial-master/AltSoftSerial.o
                0x00002f54                _ZN13AltSoftSerial9writeByteEh
 .text._ZN13AltSoftSerial5writeEh
                0x00002fc2        0xc src/libraries/AltSoftSerial-master/AltSoftSerial.o
                0x00002fc2                _ZN13AltSoftSerial5writeEh
 .text.__vector_13
                0x00002fce      0x132 src/libraries/AltSoftSerial-master/AltSoftSerial.o
                0x00002fce                __vector_13
 .text._ZN13AltSoftSerial11flushOutputEv
                0x00003100        0xa src/libraries/AltSoftSerial-master/AltSoftSerial.o
                0x00003100                _ZN13AltSoftSerial11flushOutputEv
 .text._ZN13AltSoftSerial5flushEv
                0x0000310a        0x4 src/libraries/AltSoftSerial-master/AltSoftSerial.o
                0x0000310a                _ZN13AltSoftSerial5flushEv
 .text.__vector_12
                0x0000310e      0x154 src/libraries/AltSoftSerial-master/AltSoftSerial.o
                0x0000310e                __vector_12
 .text.__vector_14
                0x00003262       0x8e src/libraries/AltSoftSerial-master/AltSoftSerial.o
                0x00003262                __vector_14
 .text._ZN13AltSoftSerial10flushInputEv
                0x000032f0        0xa src/libraries/AltSoftSerial-master/AltSoftSerial.o
                0x000032f0                _ZN13AltSoftSerial10flushInputEv
 .text._ZN13AltSoftSerial3endEv
                0x000032fa       0x28 src/libraries/AltSoftSerial-master/AltSoftSerial.o
                0x000032fa                _ZN13AltSoftSerial3endEv
 .text._ZN4CRGB7nscale8Eh
                0x00003322       0x2a src/libraries/FastLED-3.1/colorutils.o
                0x00003322                _ZN4CRGB7nscale8Eh
 .text._Z10fill_solidP4CRGBiRKS_
                0x0000334c       0x2a src/libraries/FastLED-3.1/colorutils.o
                0x0000334c                _Z10fill_solidP4CRGBiRKS_
 .text._Z12fill_rainbowP4CRGBihh
                0x00003376       0x6a src/libraries/FastLED-3.1/colorutils.o
                0x00003376                _Z12fill_rainbowP4CRGBihh
 .text._Z17fill_gradient_RGBP4CRGBjS_jS_
                0x000033e0      0x144 src/libraries/FastLED-3.1/colorutils.o
                0x000033e0                _Z17fill_gradient_RGBP4CRGBjS_jS_
 .text._Z17fill_gradient_RGBP4CRGBjRKS_S2_S2_S2_
                0x00003524      0x128 src/libraries/FastLED-3.1/colorutils.o
                0x00003524                _Z17fill_gradient_RGBP4CRGBjRKS_S2_S2_S2_
 .text._Z7nscale8P4CRGBjh
                0x0000364c       0x3e src/libraries/FastLED-3.1/colorutils.o
                0x0000364c                _Z7nscale8P4CRGBjh
 .text._Z8fade_rawP4CRGBjh
                0x0000368a        0x6 src/libraries/FastLED-3.1/colorutils.o
                0x0000368a                _Z8fade_rawP4CRGBjh
 .text._Z13fadeToBlackByP4CRGBjh
                0x00003690        0x4 src/libraries/FastLED-3.1/colorutils.o
                0x00003690                _Z13fadeToBlackByP4CRGBjh
 .text._Z16ColorFromPaletteRK13CRGBPalette16hh10TBlendType
                0x00003694       0xde src/libraries/FastLED-3.1/colorutils.o
                0x00003694                _Z16ColorFromPaletteRK13CRGBPalette16hh10TBlendType
 .text._ZN14CLEDController17computeAdjustmentEhRK4CRGBS2_
                0x00003772       0xb0 src/libraries/FastLED-3.1/FastLED.o
                0x00003772                _ZN14CLEDController17computeAdjustmentEhRK4CRGBS2_
 .text._ZN8CFastLEDC2Ev
                0x00003822       0x1e src/libraries/FastLED-3.1/FastLED.o
                0x00003822                _ZN8CFastLEDC1Ev
                0x00003822                _ZN8CFastLEDC2Ev
 .text._ZN8CFastLED8countFPSEi
                0x00003840       0xaa src/libraries/FastLED-3.1/FastLED.o
                0x00003840                _ZN8CFastLED8countFPSEi
 .text._ZN8CFastLED4showEh
                0x000038ea      0x12e src/libraries/FastLED-3.1/FastLED.o
                0x000038ea                _ZN8CFastLED4showEh
 .text._ZN8CFastLED5delayEm
                0x00003a18       0x6a src/libraries/FastLED-3.1/FastLED.o
                0x00003a18                _ZN8CFastLED5delayEm
 .text._ZN8CFastLED17setMaxRefreshRateEjb
                0x00003a82       0x72 src/libraries/FastLED-3.1/FastLED.o
                0x00003a82                _ZN8CFastLED17setMaxRefreshRateEjb
 .text._ZN8CFastLED7addLedsEP14CLEDControllerP4CRGBii
                0x00003af4       0x7c src/libraries/FastLED-3.1/FastLED.o
                0x00003af4                _ZN8CFastLED7addLedsEP14CLEDControllerP4CRGBii
 .text.startup._GLOBAL__sub_I_pSmartMatrix
                0x00003b70        0x8 src/libraries/FastLED-3.1/FastLED.o
 .text._Z15hsv2rgb_rainbowRK4CHSVR4CRGB
                0x00003b78      0x164 src/libraries/FastLED-3.1/hsv2rgb.o
                0x00003b78                _Z15hsv2rgb_rainbowRK4CHSVR4CRGB
 .text.memcpy8  0x00003cdc       0x1c src/libraries/FastLED-3.1/lib8tion.o
                0x00003cdc                memcpy8
 .text.memmove8
                0x00003cf8       0x2e src/libraries/FastLED-3.1/lib8tion.o
                0x00003cf8                memmove8
 .text.twi_init
                0x00003d26       0x3c src/libraries/Wire/src/utility/twi.o
                0x00003d26                twi_init
 .text.twi_readFrom
                0x00003d62       0x90 src/libraries/Wire/src/utility/twi.o
                0x00003d62                twi_readFrom
 .text.twi_writeTo
                0x00003df2       0xac src/libraries/Wire/src/utility/twi.o
                0x00003df2                twi_writeTo
 .text.twi_transmit
                0x00003e9e       0x50 src/libraries/Wire/src/utility/twi.o
                0x00003e9e                twi_transmit
 .text.twi_stop
                0x00003eee       0x14 src/libraries/Wire/src/utility/twi.o
                0x00003eee                twi_stop
 .text.twi_releaseBus
                0x00003f02        0xc src/libraries/Wire/src/utility/twi.o
                0x00003f02                twi_releaseBus
 .text.__vector_26
                0x00003f0e      0x25a src/libraries/Wire/src/utility/twi.o
                0x00003f0e                __vector_26
 .text._ZN7TwoWire9availableEv
                0x00004168       0x10 src/libraries/Wire/src/Wire.o
                0x00004168                _ZN7TwoWire9availableEv
 .text._ZN7TwoWire4readEv
                0x00004178       0x28 src/libraries/Wire/src/Wire.o
                0x00004178                _ZN7TwoWire4readEv
 .text._ZN7TwoWire4peekEv
                0x000041a0       0x1e src/libraries/Wire/src/Wire.o
                0x000041a0                _ZN7TwoWire4peekEv
 .text._ZN7TwoWire5flushEv
                0x000041be        0x2 src/libraries/Wire/src/Wire.o
                0x000041be                _ZN7TwoWire5flushEv
 .text._ZN7TwoWire5writeEPKhj
                0x000041c0       0x5a src/libraries/Wire/src/Wire.o
                0x000041c0                _ZN7TwoWire5writeEPKhj
 .text._ZN7TwoWire5writeEh
                0x0000421a       0x5e src/libraries/Wire/src/Wire.o
                0x0000421a                _ZN7TwoWire5writeEh
 .text._ZN7TwoWireC2Ev
                0x00004278       0x20 src/libraries/Wire/src/Wire.o
                0x00004278                _ZN7TwoWireC1Ev
                0x00004278                _ZN7TwoWireC2Ev
 .text._ZN7TwoWire5beginEv
                0x00004298       0x14 src/libraries/Wire/src/Wire.o
                0x00004298                _ZN7TwoWire5beginEv
 .text._ZN7TwoWire17beginTransmissionEh
                0x000042ac       0x14 src/libraries/Wire/src/Wire.o
                0x000042ac                _ZN7TwoWire17beginTransmissionEh
 .text._ZN7TwoWire17beginTransmissionEi
                0x000042c0        0x4 src/libraries/Wire/src/Wire.o
                0x000042c0                _ZN7TwoWire17beginTransmissionEi
 .text._ZN7TwoWire15endTransmissionEh
                0x000042c4       0x26 src/libraries/Wire/src/Wire.o
                0x000042c4                _ZN7TwoWire15endTransmissionEh
 .text._ZN7TwoWire11requestFromEhhmhh
                0x000042ea       0xa8 src/libraries/Wire/src/Wire.o
                0x000042ea                _ZN7TwoWire11requestFromEhhmhh
 .text._ZN7TwoWire11requestFromEhhh
                0x00004392       0x20 src/libraries/Wire/src/Wire.o
                0x00004392                _ZN7TwoWire11requestFromEhhh
 .text._ZN7TwoWire11requestFromEii
                0x000043b2        0x6 src/libraries/Wire/src/Wire.o
                0x000043b2                _ZN7TwoWire11requestFromEii
 .text._ZN7TwoWire15endTransmissionEv
                0x000043b8        0x6 src/libraries/Wire/src/Wire.o
                0x000043b8                _ZN7TwoWire15endTransmissionEv
 .text.startup._GLOBAL__sub_I__ZN7TwoWire8rxBufferE
                0x000043be        0x8 src/libraries/Wire/src/Wire.o
 .text.__cxa_pure_virtual
                0x000043c6        0x4 C:\Users\Jeremy\Documents\Atmel Studio\7.0\LS_1_4_2 - DO_NOT_TOUCH\ls\ArduinoCore\Debug\libArduinoCore.a(abi.o)
                0x000043c6                __cxa_pure_virtual
 .text.__vector_20
                0x000043ca       0x64 C:\Users\Jeremy\Documents\Atmel Studio\7.0\LS_1_4_2 - DO_NOT_TOUCH\ls\ArduinoCore\Debug\libArduinoCore.a(HardwareSerial0.o)
                0x000043ca                __vector_20
 .text.__vector_21
                0x0000442e       0x4c C:\Users\Jeremy\Documents\Atmel Studio\7.0\LS_1_4_2 - DO_NOT_TOUCH\ls\ArduinoCore\Debug\libArduinoCore.a(HardwareSerial0.o)
                0x0000442e                __vector_21
 .text._Z17Serial0_availablev
                0x0000447a       0x14 C:\Users\Jeremy\Documents\Atmel Studio\7.0\LS_1_4_2 - DO_NOT_TOUCH\ls\ArduinoCore\Debug\libArduinoCore.a(HardwareSerial0.o)
                0x0000447a                _Z17Serial0_availablev
 .text.startup._GLOBAL__sub_I___vector_20
                0x0000448e       0x5a C:\Users\Jeremy\Documents\Atmel Studio\7.0\LS_1_4_2 - DO_NOT_TOUCH\ls\ArduinoCore\Debug\libArduinoCore.a(HardwareSerial0.o)
 .text.__empty  0x000044e8        0x2 C:\Users\Jeremy\Documents\Atmel Studio\7.0\LS_1_4_2 - DO_NOT_TOUCH\ls\ArduinoCore\Debug\libArduinoCore.a(hooks.o)
                0x000044e8                yield
 .text.initVariant
                0x000044ea        0x2 C:\Users\Jeremy\Documents\Atmel Studio\7.0\LS_1_4_2 - DO_NOT_TOUCH\ls\ArduinoCore\Debug\libArduinoCore.a(main.o)
                0x000044ea                initVariant
 .text.startup.main
                0x000044ec       0x1e C:\Users\Jeremy\Documents\Atmel Studio\7.0\LS_1_4_2 - DO_NOT_TOUCH\ls\ArduinoCore\Debug\libArduinoCore.a(main.o)
                0x000044ec                main
 .text._Znwj    0x0000450a        0x4 C:\Users\Jeremy\Documents\Atmel Studio\7.0\LS_1_4_2 - DO_NOT_TOUCH\ls\ArduinoCore\Debug\libArduinoCore.a(new.o)
                0x0000450a                _Znwj
 .text._ZdlPv   0x0000450e        0x4 C:\Users\Jeremy\Documents\Atmel Studio\7.0\LS_1_4_2 - DO_NOT_TOUCH\ls\ArduinoCore\Debug\libArduinoCore.a(new.o)
                0x0000450e                _ZdlPv
 .text._ZN5Print5writeEPKhj
                0x00004512       0x54 C:\Users\Jeremy\Documents\Atmel Studio\7.0\LS_1_4_2 - DO_NOT_TOUCH\ls\ArduinoCore\Debug\libArduinoCore.a(Print.o)
                0x00004512                _ZN5Print5writeEPKhj
 .text._ZN5Print5writeEPKc
                0x00004566       0x2a C:\Users\Jeremy\Documents\Atmel Studio\7.0\LS_1_4_2 - DO_NOT_TOUCH\ls\ArduinoCore\Debug\libArduinoCore.a(Print.o)
                0x00004566                _ZN5Print5writeEPKc
 .text._ZN5Print5printEc
                0x00004590        0xe C:\Users\Jeremy\Documents\Atmel Studio\7.0\LS_1_4_2 - DO_NOT_TOUCH\ls\ArduinoCore\Debug\libArduinoCore.a(Print.o)
                0x00004590                _ZN5Print5printEc
 .text._ZN5Print7printlnEv
                0x0000459e        0x8 C:\Users\Jeremy\Documents\Atmel Studio\7.0\LS_1_4_2 - DO_NOT_TOUCH\ls\ArduinoCore\Debug\libArduinoCore.a(Print.o)
                0x0000459e                _ZN5Print7printlnEv
 .text._ZN5Print7printlnEPKc
                0x000045a6       0x24 C:\Users\Jeremy\Documents\Atmel Studio\7.0\LS_1_4_2 - DO_NOT_TOUCH\ls\ArduinoCore\Debug\libArduinoCore.a(Print.o)
                0x000045a6                _ZN5Print7printlnEPKc
 .text._ZN5Print11printNumberEmh
                0x000045ca       0x92 C:\Users\Jeremy\Documents\Atmel Studio\7.0\LS_1_4_2 - DO_NOT_TOUCH\ls\ArduinoCore\Debug\libArduinoCore.a(Print.o)
                0x000045ca                _ZN5Print11printNumberEmh
 .text._ZN5Print5printEli
                0x0000465c       0x90 C:\Users\Jeremy\Documents\Atmel Studio\7.0\LS_1_4_2 - DO_NOT_TOUCH\ls\ArduinoCore\Debug\libArduinoCore.a(Print.o)
                0x0000465c                _ZN5Print5printEli
 .text._ZN5Print5printEii
                0x000046ec        0xe C:\Users\Jeremy\Documents\Atmel Studio\7.0\LS_1_4_2 - DO_NOT_TOUCH\ls\ArduinoCore\Debug\libArduinoCore.a(Print.o)
                0x000046ec                _ZN5Print5printEii
 .text._ZN5Print7printlnEii
                0x000046fa       0x24 C:\Users\Jeremy\Documents\Atmel Studio\7.0\LS_1_4_2 - DO_NOT_TOUCH\ls\ArduinoCore\Debug\libArduinoCore.a(Print.o)
                0x000046fa                _ZN5Print7printlnEii
 .text.__vector_18
                0x0000471e       0x94 C:\Users\Jeremy\Documents\Atmel Studio\7.0\LS_1_4_2 - DO_NOT_TOUCH\ls\ArduinoCore\Debug\libArduinoCore.a(wiring.o)
                0x0000471e                __vector_18
 .text.millis   0x000047b2       0x18 C:\Users\Jeremy\Documents\Atmel Studio\7.0\LS_1_4_2 - DO_NOT_TOUCH\ls\ArduinoCore\Debug\libArduinoCore.a(wiring.o)
                0x000047b2                millis
 .text.micros   0x000047ca       0x4a C:\Users\Jeremy\Documents\Atmel Studio\7.0\LS_1_4_2 - DO_NOT_TOUCH\ls\ArduinoCore\Debug\libArduinoCore.a(wiring.o)
                0x000047ca                micros
 .text.delay    0x00004814       0x78 C:\Users\Jeremy\Documents\Atmel Studio\7.0\LS_1_4_2 - DO_NOT_TOUCH\ls\ArduinoCore\Debug\libArduinoCore.a(wiring.o)
                0x00004814                delay
 .text.init     0x0000488c       0x76 C:\Users\Jeremy\Documents\Atmel Studio\7.0\LS_1_4_2 - DO_NOT_TOUCH\ls\ArduinoCore\Debug\libArduinoCore.a(wiring.o)
                0x0000488c                init
 .text.turnOffPWM
                0x00004902       0x52 C:\Users\Jeremy\Documents\Atmel Studio\7.0\LS_1_4_2 - DO_NOT_TOUCH\ls\ArduinoCore\Debug\libArduinoCore.a(wiring_digital.o)
 .text.pinMode  0x00004954       0x78 C:\Users\Jeremy\Documents\Atmel Studio\7.0\LS_1_4_2 - DO_NOT_TOUCH\ls\ArduinoCore\Debug\libArduinoCore.a(wiring_digital.o)
                0x00004954                pinMode
 .text.digitalWrite
                0x000049cc       0x5e C:\Users\Jeremy\Documents\Atmel Studio\7.0\LS_1_4_2 - DO_NOT_TOUCH\ls\ArduinoCore\Debug\libArduinoCore.a(wiring_digital.o)
                0x000049cc                digitalWrite
 .text.digitalRead
                0x00004a2a       0x52 C:\Users\Jeremy\Documents\Atmel Studio\7.0\LS_1_4_2 - DO_NOT_TOUCH\ls\ArduinoCore\Debug\libArduinoCore.a(wiring_digital.o)
                0x00004a2a                digitalRead
 .text._Z6randoml
                0x00004a7c       0x34 C:\Users\Jeremy\Documents\Atmel Studio\7.0\LS_1_4_2 - DO_NOT_TOUCH\ls\ArduinoCore\Debug\libArduinoCore.a(WMath.o)
                0x00004a7c                _Z6randoml
 .text._Z6randomll
                0x00004ab0       0x44 C:\Users\Jeremy\Documents\Atmel Studio\7.0\LS_1_4_2 - DO_NOT_TOUCH\ls\ArduinoCore\Debug\libArduinoCore.a(WMath.o)
                0x00004ab0                _Z6randomll
 .text._Z3maplllll
                0x00004af4       0x82 C:\Users\Jeremy\Documents\Atmel Studio\7.0\LS_1_4_2 - DO_NOT_TOUCH\ls\ArduinoCore\Debug\libArduinoCore.a(WMath.o)
                0x00004af4                _Z3maplllll
 .text._ZN6StringD2Ev
                0x00004b76        0xa C:\Users\Jeremy\Documents\Atmel Studio\7.0\LS_1_4_2 - DO_NOT_TOUCH\ls\ArduinoCore\Debug\libArduinoCore.a(WString.o)
                0x00004b76                _ZN6StringD2Ev
                0x00004b76                _ZN6StringD1Ev
 .text._ZN6String10invalidateEv
                0x00004b80       0x24 C:\Users\Jeremy\Documents\Atmel Studio\7.0\LS_1_4_2 - DO_NOT_TOUCH\ls\ArduinoCore\Debug\libArduinoCore.a(WString.o)
                0x00004b80                _ZN6String10invalidateEv
 .text._ZN6String12changeBufferEj
                0x00004ba4       0x34 C:\Users\Jeremy\Documents\Atmel Studio\7.0\LS_1_4_2 - DO_NOT_TOUCH\ls\ArduinoCore\Debug\libArduinoCore.a(WString.o)
                0x00004ba4                _ZN6String12changeBufferEj
 .text._ZN6String7reserveEj
                0x00004bd8       0x38 C:\Users\Jeremy\Documents\Atmel Studio\7.0\LS_1_4_2 - DO_NOT_TOUCH\ls\ArduinoCore\Debug\libArduinoCore.a(WString.o)
                0x00004bd8                _ZN6String7reserveEj
 .text._ZN6String4copyEPKcj
                0x00004c10       0x42 C:\Users\Jeremy\Documents\Atmel Studio\7.0\LS_1_4_2 - DO_NOT_TOUCH\ls\ArduinoCore\Debug\libArduinoCore.a(WString.o)
                0x00004c10                _ZN6String4copyEPKcj
 .text._ZN6StringC2EPKc
                0x00004c52       0x2a C:\Users\Jeremy\Documents\Atmel Studio\7.0\LS_1_4_2 - DO_NOT_TOUCH\ls\ArduinoCore\Debug\libArduinoCore.a(WString.o)
                0x00004c52                _ZN6StringC2EPKc
                0x00004c52                _ZN6StringC1EPKc
 .text._ZN6StringaSEPKc
                0x00004c7c       0x2e C:\Users\Jeremy\Documents\Atmel Studio\7.0\LS_1_4_2 - DO_NOT_TOUCH\ls\ArduinoCore\Debug\libArduinoCore.a(WString.o)
                0x00004c7c                _ZN6StringaSEPKc
 .text._ZN14HardwareSerial9availableEv
                0x00004caa       0x18 C:\Users\Jeremy\Documents\Atmel Studio\7.0\LS_1_4_2 - DO_NOT_TOUCH\ls\ArduinoCore\Debug\libArduinoCore.a(HardwareSerial.o)
                0x00004caa                _ZN14HardwareSerial9availableEv
 .text._ZN14HardwareSerial4peekEv
                0x00004cc2       0x1c C:\Users\Jeremy\Documents\Atmel Studio\7.0\LS_1_4_2 - DO_NOT_TOUCH\ls\ArduinoCore\Debug\libArduinoCore.a(HardwareSerial.o)
                0x00004cc2                _ZN14HardwareSerial4peekEv
 .text._ZN14HardwareSerial4readEv
                0x00004cde       0x28 C:\Users\Jeremy\Documents\Atmel Studio\7.0\LS_1_4_2 - DO_NOT_TOUCH\ls\ArduinoCore\Debug\libArduinoCore.a(HardwareSerial.o)
                0x00004cde                _ZN14HardwareSerial4readEv
 .text._ZN14HardwareSerial17availableForWriteEv
                0x00004d06       0x1e C:\Users\Jeremy\Documents\Atmel Studio\7.0\LS_1_4_2 - DO_NOT_TOUCH\ls\ArduinoCore\Debug\libArduinoCore.a(HardwareSerial.o)
                0x00004d06                _ZN14HardwareSerial17availableForWriteEv
 .text._Z14serialEventRunv
                0x00004d24       0x1c C:\Users\Jeremy\Documents\Atmel Studio\7.0\LS_1_4_2 - DO_NOT_TOUCH\ls\ArduinoCore\Debug\libArduinoCore.a(HardwareSerial.o)
                0x00004d24                _Z14serialEventRunv
 .text._ZN14HardwareSerial17_tx_udr_empty_irqEv
                0x00004d40       0x42 C:\Users\Jeremy\Documents\Atmel Studio\7.0\LS_1_4_2 - DO_NOT_TOUCH\ls\ArduinoCore\Debug\libArduinoCore.a(HardwareSerial.o)
                0x00004d40                _ZN14HardwareSerial17_tx_udr_empty_irqEv
 .text._ZN14HardwareSerial5writeEh
                0x00004d82       0x8e C:\Users\Jeremy\Documents\Atmel Studio\7.0\LS_1_4_2 - DO_NOT_TOUCH\ls\ArduinoCore\Debug\libArduinoCore.a(HardwareSerial.o)
                0x00004d82                _ZN14HardwareSerial5writeEh
 .text._ZN14HardwareSerial5flushEv
                0x00004e10       0x44 C:\Users\Jeremy\Documents\Atmel Studio\7.0\LS_1_4_2 - DO_NOT_TOUCH\ls\ArduinoCore\Debug\libArduinoCore.a(HardwareSerial.o)
                0x00004e10                _ZN14HardwareSerial5flushEv
 .text.libgcc.mul
                0x00004e54       0x20 c:/program files (x86)/atmel/studio/7.0/toolchain/avr8/avr8-gnu-toolchain/bin/../lib/gcc/avr/5.4.0/avr5\libgcc.a(_mulsi3.o)
                0x00004e54                __mulsi3
 .text.libgcc.div
                0x00004e74       0x18 c:/program files (x86)/atmel/studio/7.0/toolchain/avr8/avr8-gnu-toolchain/bin/../lib/gcc/avr/5.4.0/avr5\libgcc.a(_udivmodqi4.o)
                0x00004e74                __udivmodqi4
 .text.libgcc.div
                0x00004e8c       0x28 c:/program files (x86)/atmel/studio/7.0/toolchain/avr8/avr8-gnu-toolchain/bin/../lib/gcc/avr/5.4.0/avr5\libgcc.a(_udivmodhi4.o)
                0x00004e8c                __udivmodhi4
 .text.libgcc.div
                0x00004eb4       0x28 c:/program files (x86)/atmel/studio/7.0/toolchain/avr8/avr8-gnu-toolchain/bin/../lib/gcc/avr/5.4.0/avr5\libgcc.a(_divmodhi4.o)
                0x00004eb4                _div
                0x00004eb4                __divmodhi4
 .text.libgcc.div
                0x00004edc       0x44 c:/program files (x86)/atmel/studio/7.0/toolchain/avr8/avr8-gnu-toolchain/bin/../lib/gcc/avr/5.4.0/avr5\libgcc.a(_udivmodsi4.o)
                0x00004edc                __udivmodsi4
 .text.libgcc.div
                0x00004f20       0x2e c:/program files (x86)/atmel/studio/7.0/toolchain/avr8/avr8-gnu-toolchain/bin/../lib/gcc/avr/5.4.0/avr5\libgcc.a(_divmodsi4.o)
                0x00004f20                __divmodsi4
 .text.libgcc.div
                0x00004f4e       0x10 c:/program files (x86)/atmel/studio/7.0/toolchain/avr8/avr8-gnu-toolchain/bin/../lib/gcc/avr/5.4.0/avr5\libgcc.a(_negsi2.o)
                0x00004f4e                __negsi2
 .text.libgcc   0x00004f5e        0xc c:/program files (x86)/atmel/studio/7.0/toolchain/avr8/avr8-gnu-toolchain/bin/../lib/gcc/avr/5.4.0/avr5\libgcc.a(_tablejump2.o)
                0x00004f5e                __tablejump2__
 .text.libgcc.mul
                0x00004f6a       0x1e c:/program files (x86)/atmel/studio/7.0/toolchain/avr8/avr8-gnu-toolchain/bin/../lib/gcc/avr/5.4.0/avr5\libgcc.a(_umulhisi3.o)
                0x00004f6a                __umulhisi3
 .text.libgcc.mul
                0x00004f88        0xe c:/program files (x86)/atmel/studio/7.0/toolchain/avr8/avr8-gnu-toolchain/bin/../lib/gcc/avr/5.4.0/avr5\libgcc.a(_usmulhisi3.o)
                0x00004f88                __usmulhisi3
                0x00004f8c                __usmulhisi3_tail
 .text.libgcc.mul
                0x00004f96       0x16 c:/program files (x86)/atmel/studio/7.0/toolchain/avr8/avr8-gnu-toolchain/bin/../lib/gcc/avr/5.4.0/avr5\libgcc.a(_muluhisi3.o)
                0x00004f96                __muluhisi3
 .text.avr-libc
                0x00004fac      0x242 c:/program files (x86)/atmel/studio/7.0/toolchain/avr8/avr8-gnu-toolchain/bin/../lib/gcc/avr/5.4.0/../../../../avr/lib/avr5\libc.a(malloc.o)
                0x00004fac                malloc
                0x000050dc                free
 .text.avr-libc
                0x000051ee      0x144 c:/program files (x86)/atmel/studio/7.0/toolchain/avr8/avr8-gnu-toolchain/bin/../lib/gcc/avr/5.4.0/../../../../avr/lib/avr5\libc.a(random.o)
                0x000051ee                random_r
                0x00005284                random
                0x00005320                srandom
 .text.avr-libc
                0x00005332      0x18c c:/program files (x86)/atmel/studio/7.0/toolchain/avr8/avr8-gnu-toolchain/bin/../lib/gcc/avr/5.4.0/../../../../avr/lib/avr5\libc.a(realloc.o)
                0x00005332                realloc
 .text.avr-libc
                0x000054be        0xa c:/program files (x86)/atmel/studio/7.0/toolchain/avr8/avr8-gnu-toolchain/bin/../lib/gcc/avr/5.4.0/../../../../avr/lib/avr5\libc.a(abort.o)
                0x000054be                abort
 .text.avr-libc
                0x000054c8        0xe c:/program files (x86)/atmel/studio/7.0/toolchain/avr8/avr8-gnu-toolchain/bin/../lib/gcc/avr/5.4.0/../../../../avr/lib/avr5\libc.a(strcpy_P.o)
                0x000054c8                strcpy_P
 .text.avr-libc
                0x000054d6       0x12 c:/program files (x86)/atmel/studio/7.0/toolchain/avr8/avr8-gnu-toolchain/bin/../lib/gcc/avr/5.4.0/../../../../avr/lib/avr5\libc.a(memcpy.o)
                0x000054d6                memcpy
 .text.avr-libc
                0x000054e8       0x24 c:/program files (x86)/atmel/studio/7.0/toolchain/avr8/avr8-gnu-toolchain/bin/../lib/gcc/avr/5.4.0/../../../../avr/lib/avr5\libc.a(memmove.o)
                0x000054e8                memmove
 .text.avr-libc
                0x0000550c       0x16 c:/program files (x86)/atmel/studio/7.0/toolchain/avr8/avr8-gnu-toolchain/bin/../lib/gcc/avr/5.4.0/../../../../avr/lib/avr5\libc.a(strcat.o)
                0x0000550c                strcat
 .text.avr-libc
                0x00005522        0xe c:/program files (x86)/atmel/studio/7.0/toolchain/avr8/avr8-gnu-toolchain/bin/../lib/gcc/avr/5.4.0/../../../../avr/lib/avr5\libc.a(strcpy.o)
                0x00005522                strcpy
 .text.libgcc.mul
                0x00005530       0x10 c:/program files (x86)/atmel/studio/7.0/toolchain/avr8/avr8-gnu-toolchain/bin/../lib/gcc/avr/5.4.0/avr5\libgcc.a(_mulshisi3.o)
                0x00005530                __mulshisi3
                0x00005536                __mulohisi3
 .text.libgcc.prologue
                0x00005540       0x38 c:/program files (x86)/atmel/studio/7.0/toolchain/avr8/avr8-gnu-toolchain/bin/../lib/gcc/avr/5.4.0/avr5\libgcc.a(_prologue.o)
                0x00005540                __prologue_saves__
 .text.libgcc.prologue
                0x00005578       0x36 c:/program files (x86)/atmel/studio/7.0/toolchain/avr8/avr8-gnu-toolchain/bin/../lib/gcc/avr/5.4.0/avr5\libgcc.a(_epilogue.o)
                0x00005578                __epilogue_restores__
                0x000055ae                . = ALIGN (0x2)
 *(.fini9)
 .fini9         0x000055ae        0x0 c:/program files (x86)/atmel/studio/7.0/toolchain/avr8/avr8-gnu-toolchain/bin/../lib/gcc/avr/5.4.0/avr5\libgcc.a(_exit.o)
                0x000055ae                _exit
                0x000055ae                exit
 *(.fini9)
 *(.fini8)
 *(.fini8)
 *(.fini7)
 *(.fini7)
 *(.fini6)
 .fini6         0x000055ae       0x16 c:/program files (x86)/atmel/studio/7.0/toolchain/avr8/avr8-gnu-toolchain/bin/../lib/gcc/avr/5.4.0/avr5\libgcc.a(_dtors.o)
                0x000055ae                __do_global_dtors
 *(.fini6)
 *(.fini5)
 *(.fini5)
 *(.fini4)
 *(.fini4)
 *(.fini3)
 *(.fini3)
 *(.fini2)
 *(.fini2)
 *(.fini1)
 *(.fini1)
 *(.fini0)
 .fini0         0x000055c4        0x4 c:/program files (x86)/atmel/studio/7.0/toolchain/avr8/avr8-gnu-toolchain/bin/../lib/gcc/avr/5.4.0/avr5\libgcc.a(_exit.o)
 *(.fini0)
                0x000055c8                _etext = .

.data           0x00800100      0x126 load address 0x000055c8
                0x00800100                PROVIDE (__data_start, .)
 *(.data)
 .data          0x00800100        0x6 c:/program files (x86)/atmel/studio/7.0/toolchain/avr8/avr8-gnu-toolchain/bin/../lib/gcc/avr/5.4.0/../../../../avr/lib/avr5\libc.a(malloc.o)
                0x00800100                __malloc_heap_end
                0x00800102                __malloc_heap_start
                0x00800104                __malloc_margin
 .data          0x00800106        0x4 c:/program files (x86)/atmel/studio/7.0/toolchain/avr8/avr8-gnu-toolchain/bin/../lib/gcc/avr/5.4.0/../../../../avr/lib/avr5\libc.a(random.o)
 *(.data*)
 .data.rotated  0x0080010a        0x1 Sketch.o
                0x0080010a                rotated
 .data.stack_ch
                0x0080010b        0x1 Sketch.o
                0x0080010b                stack_ch
 .data.sleepTime
                0x0080010c        0x4 Sketch.o
                0x0080010c                sleepTime
 .data.torchHue
                0x00800110        0x1 Sketch.o
                0x00800110                torchHue
 .data.chanceOfGlitter
                0x00800111        0x1 Sketch.o
                0x00800111                chanceOfGlitter
 .data.cloudNumber
                0x00800112        0x1 Sketch.o
                0x00800112                cloudNumber
 .data.FRAMES_PER_SECOND
                0x00800113        0x1 Sketch.o
                0x00800113                FRAMES_PER_SECOND
 .data.gReverseDirection
                0x00800114        0x1 Sketch.o
                0x00800114                gReverseDirection
 .data.COOLING  0x00800115        0x1 Sketch.o
                0x00800115                COOLING
 .data.SPARKING
                0x00800116        0x1 Sketch.o
                0x00800116                SPARKING
 .data._ZN4Menu11MenuWithAniE
                0x00800117        0x2 Sketch.o
                0x00800117                _ZN4Menu11MenuWithAniE
 .data._ZN4Menu11CurrentMenuE
                0x00800119        0x2 Sketch.o
                0x00800119                _ZN4Menu11CurrentMenuE
 .data._ZN4Menu10BRIGHTNESSE
                0x0080011b        0x1 Sketch.o
                0x0080011b                _ZN4Menu10BRIGHTNESSE
 .data.animation
                0x0080011c        0x1 Sketch.o
                0x0080011c                animation
 .data.rand16seed
                0x0080011d        0x2 src/libraries/FastLED-3.1/lib8tion.o
                0x0080011d                rand16seed
 *(.gnu.linkonce.d*)
 *(.rodata)
 *(.rodata*)
 .rodata.str1.1
                0x0080011f       0x41 Menus.o
                                 0x42 (size before relaxing)
 .rodata._ZTV13AnimationMenu
                0x00800160        0xc Menus.o
                0x00800160                _ZTV13AnimationMenu
 .rodata._ZTV4OLED
                0x0080016c        0xc OLED.o
                0x0080016c                _ZTV4OLED
 .rodata._ZL6ttable
                0x00800178       0x1c Rotary.o
 .rodata.str1.1
                0x00800194        0xf Sketch.o
                                 0x10 (size before relaxing)
 .rodata._ZZL9sin16_avrjE4data
                0x008001a3       0x1f Sketch.o
 .rodata._ZTV4Menu
                0x008001c2        0xc Sketch.o
                0x008001c2                _ZTV4Menu
 .rodata._ZTV6WS2811ILh28EL6EOrder66EE
                0x008001ce       0x12 Sketch.o
                0x008001ce                _ZTV6WS2811ILh28EL6EOrder66EE
 .rodata._ZTV13AltSoftSerial
                0x008001e0       0x12 src/libraries/AltSoftSerial-master/AltSoftSerial.o
                0x008001e0                _ZTV13AltSoftSerial
 .rodata._ZTV7TwoWire
                0x008001f2       0x12 src/libraries/Wire/src/Wire.o
                0x008001f2                _ZTV7TwoWire
 .rodata.str1.1
                0x00800204        0xf C:\Users\Jeremy\Documents\Atmel Studio\7.0\LS_1_4_2 - DO_NOT_TOUCH\ls\ArduinoCore\Debug\libArduinoCore.a(Print.o)
 .rodata._ZTV14HardwareSerial
                0x00800213       0x12 C:\Users\Jeremy\Documents\Atmel Studio\7.0\LS_1_4_2 - DO_NOT_TOUCH\ls\ArduinoCore\Debug\libArduinoCore.a(HardwareSerial.o)
                0x00800213                _ZTV14HardwareSerial
 *(.gnu.linkonce.r*)
                0x00800226                . = ALIGN (0x2)
 *fill*         0x00800225        0x1 
                0x00800226                _edata = .
                0x00800226                PROVIDE (__data_end, .)

.bss            0x00800226      0x39f
                0x00800226                PROVIDE (__bss_start, .)
 *(.bss)
 *(.bss*)
 .bss._ZZ5CometvE3hue
                0x00800226        0x1 Sketch.o
 .bss._ZZ8FunStuffhE10startIndex
                0x00800227        0x1 Sketch.o
 .bss._ZZ6CloudsvE10startIndex
                0x00800228        0x1 Sketch.o
 .bss._ZZ4FirevE4heat
                0x00800229       0x37 Sketch.o
 .bss._ZZ4FirevE3hue
                0x00800260        0x1 Sketch.o
 .bss._ZZ4loopE4PER0
                0x00800261        0x8 Sketch.o
 .bss._ZZN15PixelControllerIL6EOrder66ELi1ELm4294967295EE21init_binary_ditheringEvE1R
                0x00800269        0x1 Sketch.o
                0x00800269                _ZZN15PixelControllerIL6EOrder66ELi1ELm4294967295EE21init_binary_ditheringEvE1R
 .bss._ZGVZN8CFastLED7addLedsI6WS2811Lh28EL6EOrder66EEER14CLEDControllerP4CRGBiiE1c
                0x0080026a        0x8 Sketch.o
                0x0080026a                _ZGVZN8CFastLED7addLedsI6WS2811Lh28EL6EOrder66EEER14CLEDControllerP4CRGBiiE1c
 .bss._ZZN8CFastLED7addLedsI6WS2811Lh28EL6EOrder66EEER14CLEDControllerP4CRGBiiE1c
                0x00800272       0x11 Sketch.o
                0x00800272                _ZZN8CFastLED7addLedsI6WS2811Lh28EL6EOrder66EEER14CLEDControllerP4CRGBiiE1c
 .bss._ZGVZ4loopE4PER0
                0x00800283        0x8 Sketch.o
 .bss.blue_color
                0x0080028b        0x1 Sketch.o
                0x0080028b                blue_color
 .bss.green_color
                0x0080028c        0x1 Sketch.o
                0x0080028c                green_color
 .bss.red_color
                0x0080028d        0x1 Sketch.o
                0x0080028d                red_color
 .bss.readString
                0x0080028e        0x6 Sketch.o
                0x0080028e                readString
 .bss.exitloop  0x00800294        0x1 Sketch.o
                0x00800294                exitloop
 .bss.stack_index
                0x00800295        0x1 Sketch.o
                0x00800295                stack_index
 .bss.stack_colorIndex
                0x00800296        0x1 Sketch.o
                0x00800296                stack_colorIndex
 .bss.sleepInt  0x00800297        0x2 Sketch.o
                0x00800297                sleepInt
 .bss.sleepScreen
                0x00800299        0x1 Sketch.o
                0x00800299                sleepScreen
 .bss.cyclingTorchColor
                0x0080029a        0x1 Sketch.o
                0x0080029a                cyclingTorchColor
 .bss.brtnsmnu  0x0080029b        0x2 Sketch.o
                0x0080029b                brtnsmnu
 .bss.animnu    0x0080029d        0x2 Sketch.o
                0x0080029d                animnu
 .bss.selectedItem
                0x0080029f        0x1 Sketch.o
                0x0080029f                selectedItem
 .bss.gHue      0x008002a0        0x1 Sketch.o
                0x008002a0                gHue
 .bss.currentBlending
                0x008002a1        0x1 Sketch.o
                0x008002a1                currentBlending
 .bss.gPal      0x008002a2       0x30 Sketch.o
                0x008002a2                gPal
 .bss.leds      0x008002d2       0xa5 Sketch.o
                0x008002d2                leds
 .bss.interr    0x00800377        0x1 Sketch.o
                0x00800377                interr
 .bss.r         0x00800378        0x3 Sketch.o
                0x00800378                r
 .bss.adxl      0x0080037b       0x14 Sketch.o
                0x0080037b                adxl
 .bss.altSerial
                0x0080038f        0xc Sketch.o
                0x0080038f                altSerial
 .bss._ZL21gTimeErrorAccum256ths
                0x0080039b        0x1 Sketch.o
 .bss._ZL9tx_buffer
                0x0080039c       0x44 src/libraries/AltSoftSerial-master/AltSoftSerial.o
 .bss._ZL14tx_buffer_tail
                0x008003e0        0x1 src/libraries/AltSoftSerial-master/AltSoftSerial.o
 .bss._ZL14tx_buffer_head
                0x008003e1        0x1 src/libraries/AltSoftSerial-master/AltSoftSerial.o
 .bss._ZL6tx_bit
                0x008003e2        0x1 src/libraries/AltSoftSerial-master/AltSoftSerial.o
 .bss._ZL7tx_byte
                0x008003e3        0x1 src/libraries/AltSoftSerial-master/AltSoftSerial.o
 .bss._ZL8tx_state
                0x008003e4        0x1 src/libraries/AltSoftSerial-master/AltSoftSerial.o
 .bss._ZL9rx_buffer
                0x008003e5       0x50 src/libraries/AltSoftSerial-master/AltSoftSerial.o
 .bss._ZL14rx_buffer_tail
                0x00800435        0x1 src/libraries/AltSoftSerial-master/AltSoftSerial.o
 .bss._ZL14rx_buffer_head
                0x00800436        0x1 src/libraries/AltSoftSerial-master/AltSoftSerial.o
 .bss._ZL13rx_stop_ticks
                0x00800437        0x2 src/libraries/AltSoftSerial-master/AltSoftSerial.o
 .bss._ZL9rx_target
                0x00800439        0x2 src/libraries/AltSoftSerial-master/AltSoftSerial.o
 .bss._ZL6rx_bit
                0x0080043b        0x1 src/libraries/AltSoftSerial-master/AltSoftSerial.o
 .bss._ZL7rx_byte
                0x0080043c        0x1 src/libraries/AltSoftSerial-master/AltSoftSerial.o
 .bss._ZL8rx_state
                0x0080043d        0x1 src/libraries/AltSoftSerial-master/AltSoftSerial.o
 .bss._ZL13ticks_per_bit
                0x0080043e        0x2 src/libraries/AltSoftSerial-master/AltSoftSerial.o
 .bss._ZZN8CFastLED8countFPSEiE9lastframe
                0x00800440        0x4 src/libraries/FastLED-3.1/FastLED.o
 .bss._ZZN8CFastLED8countFPSEiE2br
                0x00800444        0x2 src/libraries/FastLED-3.1/FastLED.o
 .bss._ZL8lastshow
                0x00800446        0x4 src/libraries/FastLED-3.1/FastLED.o
 .bss._ZN14CLEDController7m_pTailE
                0x0080044a        0x2 src/libraries/FastLED-3.1/FastLED.o
                0x0080044a                _ZN14CLEDController7m_pTailE
 .bss._ZN14CLEDController7m_pHeadE
                0x0080044c        0x2 src/libraries/FastLED-3.1/FastLED.o
                0x0080044c                _ZN14CLEDController7m_pHeadE
 .bss.FastLED   0x0080044e        0xd src/libraries/FastLED-3.1/FastLED.o
                0x0080044e                FastLED
 .bss.twi_error
                0x0080045b        0x1 src/libraries/Wire/src/utility/twi.o
 .bss.twi_rxBufferIndex
                0x0080045c        0x1 src/libraries/Wire/src/utility/twi.o
 .bss.twi_rxBuffer
                0x0080045d       0x20 src/libraries/Wire/src/utility/twi.o
 .bss.twi_txBufferLength
                0x0080047d        0x1 src/libraries/Wire/src/utility/twi.o
 .bss.twi_txBufferIndex
                0x0080047e        0x1 src/libraries/Wire/src/utility/twi.o
 .bss.twi_txBuffer
                0x0080047f       0x20 src/libraries/Wire/src/utility/twi.o
 .bss.twi_masterBufferLength
                0x0080049f        0x1 src/libraries/Wire/src/utility/twi.o
 .bss.twi_masterBufferIndex
                0x008004a0        0x1 src/libraries/Wire/src/utility/twi.o
 .bss.twi_masterBuffer
                0x008004a1       0x20 src/libraries/Wire/src/utility/twi.o
 .bss.twi_onSlaveReceive
                0x008004c1        0x2 src/libraries/Wire/src/utility/twi.o
 .bss.twi_onSlaveTransmit
                0x008004c3        0x2 src/libraries/Wire/src/utility/twi.o
 .bss.twi_inRepStart
                0x008004c5        0x1 src/libraries/Wire/src/utility/twi.o
 .bss.twi_sendStop
                0x008004c6        0x1 src/libraries/Wire/src/utility/twi.o
 .bss.twi_slarw
                0x008004c7        0x1 src/libraries/Wire/src/utility/twi.o
 .bss.twi_state
                0x008004c8        0x1 src/libraries/Wire/src/utility/twi.o
 .bss.Wire      0x008004c9        0xc src/libraries/Wire/src/Wire.o
                0x008004c9                Wire
 .bss._ZN7TwoWire12transmittingE
                0x008004d5        0x1 src/libraries/Wire/src/Wire.o
                0x008004d5                _ZN7TwoWire12transmittingE
 .bss._ZN7TwoWire14txBufferLengthE
                0x008004d6        0x1 src/libraries/Wire/src/Wire.o
                0x008004d6                _ZN7TwoWire14txBufferLengthE
 .bss._ZN7TwoWire13txBufferIndexE
                0x008004d7        0x1 src/libraries/Wire/src/Wire.o
                0x008004d7                _ZN7TwoWire13txBufferIndexE
 .bss._ZN7TwoWire8txBufferE
                0x008004d8       0x20 src/libraries/Wire/src/Wire.o
                0x008004d8                _ZN7TwoWire8txBufferE
 .bss._ZN7TwoWire9txAddressE
                0x008004f8        0x1 src/libraries/Wire/src/Wire.o
                0x008004f8                _ZN7TwoWire9txAddressE
 .bss._ZN7TwoWire14rxBufferLengthE
                0x008004f9        0x1 src/libraries/Wire/src/Wire.o
                0x008004f9                _ZN7TwoWire14rxBufferLengthE
 .bss._ZN7TwoWire13rxBufferIndexE
                0x008004fa        0x1 src/libraries/Wire/src/Wire.o
                0x008004fa                _ZN7TwoWire13rxBufferIndexE
 .bss._ZN7TwoWire8rxBufferE
                0x008004fb       0x20 src/libraries/Wire/src/Wire.o
                0x008004fb                _ZN7TwoWire8rxBufferE
 .bss.Serial    0x0080051b       0x9d C:\Users\Jeremy\Documents\Atmel Studio\7.0\LS_1_4_2 - DO_NOT_TOUCH\ls\ArduinoCore\Debug\libArduinoCore.a(HardwareSerial0.o)
                0x0080051b                Serial
 .bss.timer0_fract
                0x008005b8        0x1 C:\Users\Jeremy\Documents\Atmel Studio\7.0\LS_1_4_2 - DO_NOT_TOUCH\ls\ArduinoCore\Debug\libArduinoCore.a(wiring.o)
 .bss.timer0_millis
                0x008005b9        0x4 C:\Users\Jeremy\Documents\Atmel Studio\7.0\LS_1_4_2 - DO_NOT_TOUCH\ls\ArduinoCore\Debug\libArduinoCore.a(wiring.o)
                0x008005b9                timer0_millis
 .bss.timer0_overflow_count
                0x008005bd        0x4 C:\Users\Jeremy\Documents\Atmel Studio\7.0\LS_1_4_2 - DO_NOT_TOUCH\ls\ArduinoCore\Debug\libArduinoCore.a(wiring.o)
                0x008005bd                timer0_overflow_count
 *(COMMON)
 COMMON         0x008005c1        0x4 c:/program files (x86)/atmel/studio/7.0/toolchain/avr8/avr8-gnu-toolchain/bin/../lib/gcc/avr/5.4.0/../../../../avr/lib/avr5\libc.a(malloc.o)
                0x008005c1                __brkval
                0x008005c3                __flp
                0x008005c5                PROVIDE (__bss_end, .)
                0x000055c8                __data_load_start = LOADADDR (.data)
                0x000056ee                __data_load_end = (__data_load_start + SIZEOF (.data))

.noinit         0x008005c5        0x0
                [!provide]                PROVIDE (__noinit_start, .)
 *(.noinit*)
                [!provide]                PROVIDE (__noinit_end, .)
                0x008005c5                _end = .
                0x008005c5                PROVIDE (__heap_start, .)

.eeprom         0x00810000        0x0
 *(.eeprom*)
                0x00810000                __eeprom_end = .

.fuse
 *(.fuse)
 *(.lfuse)
 *(.hfuse)
 *(.efuse)

.lock
 *(.lock*)

.signature
 *(.signature*)

.user_signatures
 *(.user_signatures*)

.stab
 *(.stab)

.stabstr
 *(.stabstr)

.stab.excl
 *(.stab.excl)

.stab.exclstr
 *(.stab.exclstr)

.stab.index
 *(.stab.index)

.stab.indexstr
 *(.stab.indexstr)

.comment        0x00000000       0x60
 *(.comment)
 .comment       0x00000000       0x30 ADXL345.o
                                 0x31 (size before relaxing)
 .comment       0x00000030       0x31 Menus.o
 .comment       0x00000030       0x31 OLED.o
 .comment       0x00000030       0x31 Rotary.o
 .comment       0x00000030       0x31 Sketch.o
 .comment       0x00000030       0x31 src/libraries/AltSoftSerial-master/AltSoftSerial.o
 .comment       0x00000030       0x31 src/libraries/FastLED-3.1/colorpalettes.o
 .comment       0x00000030       0x31 src/libraries/FastLED-3.1/colorutils.o
 .comment       0x00000030       0x31 src/libraries/FastLED-3.1/FastLED.o
 .comment       0x00000030       0x31 src/libraries/FastLED-3.1/hsv2rgb.o
 .comment       0x00000030       0x31 src/libraries/FastLED-3.1/lib8tion.o
 .comment       0x00000030       0x31 src/libraries/Wire/src/utility/twi.o
 .comment       0x00000030       0x31 src/libraries/Wire/src/Wire.o
 .comment       0x00000030       0x31 C:\Users\Jeremy\Documents\Atmel Studio\7.0\LS_1_4_2 - DO_NOT_TOUCH\ls\ArduinoCore\Debug\libArduinoCore.a(abi.o)
 .comment       0x00000030       0x31 C:\Users\Jeremy\Documents\Atmel Studio\7.0\LS_1_4_2 - DO_NOT_TOUCH\ls\ArduinoCore\Debug\libArduinoCore.a(HardwareSerial0.o)
 .comment       0x00000030       0x30 C:\Users\Jeremy\Documents\Atmel Studio\7.0\LS_1_4_2 - DO_NOT_TOUCH\ls\ArduinoCore\Debug\libArduinoCore.a(hooks.o)
                                 0x31 (size before relaxing)
 .comment       0x00000060       0x31 C:\Users\Jeremy\Documents\Atmel Studio\7.0\LS_1_4_2 - DO_NOT_TOUCH\ls\ArduinoCore\Debug\libArduinoCore.a(main.o)
 .comment       0x00000060       0x31 C:\Users\Jeremy\Documents\Atmel Studio\7.0\LS_1_4_2 - DO_NOT_TOUCH\ls\ArduinoCore\Debug\libArduinoCore.a(new.o)
 .comment       0x00000060       0x31 C:\Users\Jeremy\Documents\Atmel Studio\7.0\LS_1_4_2 - DO_NOT_TOUCH\ls\ArduinoCore\Debug\libArduinoCore.a(Print.o)
 .comment       0x00000060       0x31 C:\Users\Jeremy\Documents\Atmel Studio\7.0\LS_1_4_2 - DO_NOT_TOUCH\ls\ArduinoCore\Debug\libArduinoCore.a(wiring.o)
 .comment       0x00000060       0x31 C:\Users\Jeremy\Documents\Atmel Studio\7.0\LS_1_4_2 - DO_NOT_TOUCH\ls\ArduinoCore\Debug\libArduinoCore.a(wiring_digital.o)
 .comment       0x00000060       0x31 C:\Users\Jeremy\Documents\Atmel Studio\7.0\LS_1_4_2 - DO_NOT_TOUCH\ls\ArduinoCore\Debug\libArduinoCore.a(WMath.o)
 .comment       0x00000060       0x31 C:\Users\Jeremy\Documents\Atmel Studio\7.0\LS_1_4_2 - DO_NOT_TOUCH\ls\ArduinoCore\Debug\libArduinoCore.a(WString.o)
 .comment       0x00000060       0x31 C:\Users\Jeremy\Documents\Atmel Studio\7.0\LS_1_4_2 - DO_NOT_TOUCH\ls\ArduinoCore\Debug\libArduinoCore.a(HardwareSerial.o)
 .comment       0x00000060       0x31 c:/program files (x86)/atmel/studio/7.0/toolchain/avr8/avr8-gnu-toolchain/bin/../lib/gcc/avr/5.4.0/../../../../avr/lib/avr5\libc.a(malloc.o)
 .comment       0x00000060       0x31 c:/program files (x86)/atmel/studio/7.0/toolchain/avr8/avr8-gnu-toolchain/bin/../lib/gcc/avr/5.4.0/../../../../avr/lib/avr5\libc.a(random.o)
 .comment       0x00000060       0x31 c:/program files (x86)/atmel/studio/7.0/toolchain/avr8/avr8-gnu-toolchain/bin/../lib/gcc/avr/5.4.0/../../../../avr/lib/avr5\libc.a(realloc.o)

.note.gnu.avr.deviceinfo
                0x00000000       0x3c
 .note.gnu.avr.deviceinfo
                0x00000000       0x3c C:/Program Files (x86)/Atmel/Studio/7.0/Packs/atmel/ATmega_DFP/1.2.150/gcc/dev/atmega644/avr5/crtatmega644.o

.note.gnu.build-id
 *(.note.gnu.build-id)

.debug
 *(.debug)

.line
 *(.line)

.debug_srcinfo
 *(.debug_srcinfo)

.debug_sfnames
 *(.debug_sfnames)

.debug_aranges  0x00000000     0x1068
 *(.debug_aranges)
 .debug_aranges
                0x00000000      0x2e0 ADXL345.o
 .debug_aranges
                0x000002e0       0x88 Menus.o
 .debug_aranges
                0x00000368       0x88 OLED.o
 .debug_aranges
                0x000003f0       0x28 Rotary.o
 .debug_aranges
                0x00000418      0x188 Sketch.o
 .debug_aranges
                0x000005a0       0x88 src/libraries/AltSoftSerial-master/AltSoftSerial.o
 .debug_aranges
                0x00000628       0x18 src/libraries/FastLED-3.1/colorpalettes.o
 .debug_aranges
                0x00000640      0x1b0 src/libraries/FastLED-3.1/colorutils.o
 .debug_aranges
                0x000007f0       0xa0 src/libraries/FastLED-3.1/FastLED.o
 .debug_aranges
                0x00000890       0x68 src/libraries/FastLED-3.1/hsv2rgb.o
 .debug_aranges
                0x000008f8       0x30 src/libraries/FastLED-3.1/lib8tion.o
 .debug_aranges
                0x00000928       0x80 src/libraries/Wire/src/utility/twi.o
 .debug_aranges
                0x000009a8       0xf8 src/libraries/Wire/src/Wire.o
 .debug_aranges
                0x00000aa0       0x20 C:\Users\Jeremy\Documents\Atmel Studio\7.0\LS_1_4_2 - DO_NOT_TOUCH\ls\ArduinoCore\Debug\libArduinoCore.a(abi.o)
 .debug_aranges
                0x00000ac0       0x48 C:\Users\Jeremy\Documents\Atmel Studio\7.0\LS_1_4_2 - DO_NOT_TOUCH\ls\ArduinoCore\Debug\libArduinoCore.a(HardwareSerial0.o)
 .debug_aranges
                0x00000b08       0x20 C:\Users\Jeremy\Documents\Atmel Studio\7.0\LS_1_4_2 - DO_NOT_TOUCH\ls\ArduinoCore\Debug\libArduinoCore.a(hooks.o)
 .debug_aranges
                0x00000b28       0x30 C:\Users\Jeremy\Documents\Atmel Studio\7.0\LS_1_4_2 - DO_NOT_TOUCH\ls\ArduinoCore\Debug\libArduinoCore.a(main.o)
 .debug_aranges
                0x00000b58       0x28 C:\Users\Jeremy\Documents\Atmel Studio\7.0\LS_1_4_2 - DO_NOT_TOUCH\ls\ArduinoCore\Debug\libArduinoCore.a(new.o)
 .debug_aranges
                0x00000b80      0x100 C:\Users\Jeremy\Documents\Atmel Studio\7.0\LS_1_4_2 - DO_NOT_TOUCH\ls\ArduinoCore\Debug\libArduinoCore.a(Print.o)
 .debug_aranges
                0x00000c80       0x48 C:\Users\Jeremy\Documents\Atmel Studio\7.0\LS_1_4_2 - DO_NOT_TOUCH\ls\ArduinoCore\Debug\libArduinoCore.a(wiring.o)
 .debug_aranges
                0x00000cc8       0x38 C:\Users\Jeremy\Documents\Atmel Studio\7.0\LS_1_4_2 - DO_NOT_TOUCH\ls\ArduinoCore\Debug\libArduinoCore.a(wiring_digital.o)
 .debug_aranges
                0x00000d00       0x48 C:\Users\Jeremy\Documents\Atmel Studio\7.0\LS_1_4_2 - DO_NOT_TOUCH\ls\ArduinoCore\Debug\libArduinoCore.a(WMath.o)
 .debug_aranges
                0x00000d48      0x2b8 C:\Users\Jeremy\Documents\Atmel Studio\7.0\LS_1_4_2 - DO_NOT_TOUCH\ls\ArduinoCore\Debug\libArduinoCore.a(WString.o)
 .debug_aranges
                0x00001000       0x68 C:\Users\Jeremy\Documents\Atmel Studio\7.0\LS_1_4_2 - DO_NOT_TOUCH\ls\ArduinoCore\Debug\libArduinoCore.a(HardwareSerial.o)

.debug_pubnames
 *(.debug_pubnames)

.debug_info     0x00000000    0x30bf9
 *(.debug_info .gnu.linkonce.wi.*)
 .debug_info    0x00000000      0x672 C:/Program Files (x86)/Atmel/Studio/7.0/Packs/atmel/ATmega_DFP/1.2.150/gcc/dev/atmega644/avr5/crtatmega644.o
 .debug_info    0x00000672     0x3463 ADXL345.o
 .debug_info    0x00003ad5     0x1b2b Menus.o
 .debug_info    0x00005600     0x1b2d OLED.o
 .debug_info    0x0000712d      0x34f Rotary.o
 .debug_info    0x0000747c     0xc332 Sketch.o
 .debug_info    0x000137ae     0x1f21 src/libraries/AltSoftSerial-master/AltSoftSerial.o
 .debug_info    0x000156cf     0x1367 src/libraries/FastLED-3.1/colorpalettes.o
 .debug_info    0x00016a36     0x702c src/libraries/FastLED-3.1/colorutils.o
 .debug_info    0x0001da62     0x2985 src/libraries/FastLED-3.1/FastLED.o
 .debug_info    0x000203e7     0x2067 src/libraries/FastLED-3.1/hsv2rgb.o
 .debug_info    0x0002244e      0x51d src/libraries/FastLED-3.1/lib8tion.o
 .debug_info    0x0002296b      0x604 src/libraries/Wire/src/utility/twi.o
 .debug_info    0x00022f6f     0x27b4 src/libraries/Wire/src/Wire.o
 .debug_info    0x00025723       0x76 C:\Users\Jeremy\Documents\Atmel Studio\7.0\LS_1_4_2 - DO_NOT_TOUCH\ls\ArduinoCore\Debug\libArduinoCore.a(abi.o)
 .debug_info    0x00025799     0x1b16 C:\Users\Jeremy\Documents\Atmel Studio\7.0\LS_1_4_2 - DO_NOT_TOUCH\ls\ArduinoCore\Debug\libArduinoCore.a(HardwareSerial0.o)
 .debug_info    0x000272af       0x3e C:\Users\Jeremy\Documents\Atmel Studio\7.0\LS_1_4_2 - DO_NOT_TOUCH\ls\ArduinoCore\Debug\libArduinoCore.a(hooks.o)
 .debug_info    0x000272ed      0x237 C:\Users\Jeremy\Documents\Atmel Studio\7.0\LS_1_4_2 - DO_NOT_TOUCH\ls\ArduinoCore\Debug\libArduinoCore.a(main.o)
 .debug_info    0x00027524      0x11c C:\Users\Jeremy\Documents\Atmel Studio\7.0\LS_1_4_2 - DO_NOT_TOUCH\ls\ArduinoCore\Debug\libArduinoCore.a(new.o)
 .debug_info    0x00027640     0x28ff C:\Users\Jeremy\Documents\Atmel Studio\7.0\LS_1_4_2 - DO_NOT_TOUCH\ls\ArduinoCore\Debug\libArduinoCore.a(Print.o)
 .debug_info    0x00029f3f      0x2cb C:\Users\Jeremy\Documents\Atmel Studio\7.0\LS_1_4_2 - DO_NOT_TOUCH\ls\ArduinoCore\Debug\libArduinoCore.a(wiring.o)
 .debug_info    0x0002a20a      0x5fe C:\Users\Jeremy\Documents\Atmel Studio\7.0\LS_1_4_2 - DO_NOT_TOUCH\ls\ArduinoCore\Debug\libArduinoCore.a(wiring_digital.o)
 .debug_info    0x0002a808      0x230 C:\Users\Jeremy\Documents\Atmel Studio\7.0\LS_1_4_2 - DO_NOT_TOUCH\ls\ArduinoCore\Debug\libArduinoCore.a(WMath.o)
 .debug_info    0x0002aa38     0x4338 C:\Users\Jeremy\Documents\Atmel Studio\7.0\LS_1_4_2 - DO_NOT_TOUCH\ls\ArduinoCore\Debug\libArduinoCore.a(WString.o)
 .debug_info    0x0002ed70     0x1e89 C:\Users\Jeremy\Documents\Atmel Studio\7.0\LS_1_4_2 - DO_NOT_TOUCH\ls\ArduinoCore\Debug\libArduinoCore.a(HardwareSerial.o)

.debug_abbrev   0x00000000     0x592d
 *(.debug_abbrev)
 .debug_abbrev  0x00000000      0x619 C:/Program Files (x86)/Atmel/Studio/7.0/Packs/atmel/ATmega_DFP/1.2.150/gcc/dev/atmega644/avr5/crtatmega644.o
 .debug_abbrev  0x00000619      0x378 ADXL345.o
 .debug_abbrev  0x00000991      0x4f7 Menus.o
 .debug_abbrev  0x00000e88      0x3e8 OLED.o
 .debug_abbrev  0x00001270      0x1c3 Rotary.o
 .debug_abbrev  0x00001433      0xc12 Sketch.o
 .debug_abbrev  0x00002045      0x4ce src/libraries/AltSoftSerial-master/AltSoftSerial.o
 .debug_abbrev  0x00002513      0x236 src/libraries/FastLED-3.1/colorpalettes.o
 .debug_abbrev  0x00002749      0x653 src/libraries/FastLED-3.1/colorutils.o
 .debug_abbrev  0x00002d9c      0x602 src/libraries/FastLED-3.1/FastLED.o
 .debug_abbrev  0x0000339e      0x47e src/libraries/FastLED-3.1/hsv2rgb.o
 .debug_abbrev  0x0000381c      0x196 src/libraries/FastLED-3.1/lib8tion.o
 .debug_abbrev  0x000039b2      0x260 src/libraries/Wire/src/utility/twi.o
 .debug_abbrev  0x00003c12      0x581 src/libraries/Wire/src/Wire.o
 .debug_abbrev  0x00004193       0x6d C:\Users\Jeremy\Documents\Atmel Studio\7.0\LS_1_4_2 - DO_NOT_TOUCH\ls\ArduinoCore\Debug\libArduinoCore.a(abi.o)
 .debug_abbrev  0x00004200      0x3ce C:\Users\Jeremy\Documents\Atmel Studio\7.0\LS_1_4_2 - DO_NOT_TOUCH\ls\ArduinoCore\Debug\libArduinoCore.a(HardwareSerial0.o)
 .debug_abbrev  0x000045ce       0x2a C:\Users\Jeremy\Documents\Atmel Studio\7.0\LS_1_4_2 - DO_NOT_TOUCH\ls\ArduinoCore\Debug\libArduinoCore.a(hooks.o)
 .debug_abbrev  0x000045f8      0x12d C:\Users\Jeremy\Documents\Atmel Studio\7.0\LS_1_4_2 - DO_NOT_TOUCH\ls\ArduinoCore\Debug\libArduinoCore.a(main.o)
 .debug_abbrev  0x00004725       0xce C:\Users\Jeremy\Documents\Atmel Studio\7.0\LS_1_4_2 - DO_NOT_TOUCH\ls\ArduinoCore\Debug\libArduinoCore.a(new.o)
 .debug_abbrev  0x000047f3      0x47a C:\Users\Jeremy\Documents\Atmel Studio\7.0\LS_1_4_2 - DO_NOT_TOUCH\ls\ArduinoCore\Debug\libArduinoCore.a(Print.o)
 .debug_abbrev  0x00004c6d      0x146 C:\Users\Jeremy\Documents\Atmel Studio\7.0\LS_1_4_2 - DO_NOT_TOUCH\ls\ArduinoCore\Debug\libArduinoCore.a(wiring.o)
 .debug_abbrev  0x00004db3      0x15b C:\Users\Jeremy\Documents\Atmel Studio\7.0\LS_1_4_2 - DO_NOT_TOUCH\ls\ArduinoCore\Debug\libArduinoCore.a(wiring_digital.o)
 .debug_abbrev  0x00004f0e      0x12b C:\Users\Jeremy\Documents\Atmel Studio\7.0\LS_1_4_2 - DO_NOT_TOUCH\ls\ArduinoCore\Debug\libArduinoCore.a(WMath.o)
 .debug_abbrev  0x00005039      0x4c2 C:\Users\Jeremy\Documents\Atmel Studio\7.0\LS_1_4_2 - DO_NOT_TOUCH\ls\ArduinoCore\Debug\libArduinoCore.a(WString.o)
 .debug_abbrev  0x000054fb      0x432 C:\Users\Jeremy\Documents\Atmel Studio\7.0\LS_1_4_2 - DO_NOT_TOUCH\ls\ArduinoCore\Debug\libArduinoCore.a(HardwareSerial.o)

.debug_line     0x00000000     0xa8d0
 *(.debug_line .debug_line.* .debug_line_end)
 .debug_line    0x00000000      0x13f C:/Program Files (x86)/Atmel/Studio/7.0/Packs/atmel/ATmega_DFP/1.2.150/gcc/dev/atmega644/avr5/crtatmega644.o
 .debug_line    0x0000013f      0xcdf ADXL345.o
 .debug_line    0x00000e1e      0x75d Menus.o
 .debug_line    0x0000157b      0x794 OLED.o
 .debug_line    0x00001d0f      0x177 Rotary.o
 .debug_line    0x00001e86     0x1fba Sketch.o
 .debug_line    0x00003e40      0x6cd src/libraries/AltSoftSerial-master/AltSoftSerial.o
 .debug_line    0x0000450d      0x21d src/libraries/FastLED-3.1/colorpalettes.o
 .debug_line    0x0000472a     0x1a32 src/libraries/FastLED-3.1/colorutils.o
 .debug_line    0x0000615c      0x6d4 src/libraries/FastLED-3.1/FastLED.o
 .debug_line    0x00006830      0x8dd src/libraries/FastLED-3.1/hsv2rgb.o
 .debug_line    0x0000710d      0x26a src/libraries/FastLED-3.1/lib8tion.o
 .debug_line    0x00007377      0x519 src/libraries/Wire/src/utility/twi.o
 .debug_line    0x00007890      0x608 src/libraries/Wire/src/Wire.o
 .debug_line    0x00007e98       0xa9 C:\Users\Jeremy\Documents\Atmel Studio\7.0\LS_1_4_2 - DO_NOT_TOUCH\ls\ArduinoCore\Debug\libArduinoCore.a(abi.o)
 .debug_line    0x00007f41      0x28c C:\Users\Jeremy\Documents\Atmel Studio\7.0\LS_1_4_2 - DO_NOT_TOUCH\ls\ArduinoCore\Debug\libArduinoCore.a(HardwareSerial0.o)
 .debug_line    0x000081cd       0x41 C:\Users\Jeremy\Documents\Atmel Studio\7.0\LS_1_4_2 - DO_NOT_TOUCH\ls\ArduinoCore\Debug\libArduinoCore.a(hooks.o)
 .debug_line    0x0000820e      0x165 C:\Users\Jeremy\Documents\Atmel Studio\7.0\LS_1_4_2 - DO_NOT_TOUCH\ls\ArduinoCore\Debug\libArduinoCore.a(main.o)
 .debug_line    0x00008373      0x12f C:\Users\Jeremy\Documents\Atmel Studio\7.0\LS_1_4_2 - DO_NOT_TOUCH\ls\ArduinoCore\Debug\libArduinoCore.a(new.o)
 .debug_line    0x000084a2      0x685 C:\Users\Jeremy\Documents\Atmel Studio\7.0\LS_1_4_2 - DO_NOT_TOUCH\ls\ArduinoCore\Debug\libArduinoCore.a(Print.o)
 .debug_line    0x00008b27      0x299 C:\Users\Jeremy\Documents\Atmel Studio\7.0\LS_1_4_2 - DO_NOT_TOUCH\ls\ArduinoCore\Debug\libArduinoCore.a(wiring.o)
 .debug_line    0x00008dc0      0x252 C:\Users\Jeremy\Documents\Atmel Studio\7.0\LS_1_4_2 - DO_NOT_TOUCH\ls\ArduinoCore\Debug\libArduinoCore.a(wiring_digital.o)
 .debug_line    0x00009012      0x143 C:\Users\Jeremy\Documents\Atmel Studio\7.0\LS_1_4_2 - DO_NOT_TOUCH\ls\ArduinoCore\Debug\libArduinoCore.a(WMath.o)
 .debug_line    0x00009155     0x1355 C:\Users\Jeremy\Documents\Atmel Studio\7.0\LS_1_4_2 - DO_NOT_TOUCH\ls\ArduinoCore\Debug\libArduinoCore.a(WString.o)
 .debug_line    0x0000a4aa      0x426 C:\Users\Jeremy\Documents\Atmel Studio\7.0\LS_1_4_2 - DO_NOT_TOUCH\ls\ArduinoCore\Debug\libArduinoCore.a(HardwareSerial.o)

.debug_frame    0x00000000     0x3934
 *(.debug_frame)
 .debug_frame   0x00000000      0x858 ADXL345.o
 .debug_frame   0x00000858      0x1b4 Menus.o
 .debug_frame   0x00000a0c      0x1e8 OLED.o
 .debug_frame   0x00000bf4       0x54 Rotary.o
 .debug_frame   0x00000c48      0x610 Sketch.o
 .debug_frame   0x00001258      0x1a8 src/libraries/AltSoftSerial-master/AltSoftSerial.o
 .debug_frame   0x00001400      0x9ec src/libraries/FastLED-3.1/colorutils.o
 .debug_frame   0x00001dec      0x294 src/libraries/FastLED-3.1/FastLED.o
 .debug_frame   0x00002080      0x188 src/libraries/FastLED-3.1/hsv2rgb.o
 .debug_frame   0x00002208       0x44 src/libraries/FastLED-3.1/lib8tion.o
 .debug_frame   0x0000224c      0x134 src/libraries/Wire/src/utility/twi.o
 .debug_frame   0x00002380      0x284 src/libraries/Wire/src/Wire.o
 .debug_frame   0x00002604       0x34 C:\Users\Jeremy\Documents\Atmel Studio\7.0\LS_1_4_2 - DO_NOT_TOUCH\ls\ArduinoCore\Debug\libArduinoCore.a(abi.o)
 .debug_frame   0x00002638       0xe0 C:\Users\Jeremy\Documents\Atmel Studio\7.0\LS_1_4_2 - DO_NOT_TOUCH\ls\ArduinoCore\Debug\libArduinoCore.a(HardwareSerial0.o)
 .debug_frame   0x00002718       0x24 C:\Users\Jeremy\Documents\Atmel Studio\7.0\LS_1_4_2 - DO_NOT_TOUCH\ls\ArduinoCore\Debug\libArduinoCore.a(hooks.o)
 .debug_frame   0x0000273c       0x54 C:\Users\Jeremy\Documents\Atmel Studio\7.0\LS_1_4_2 - DO_NOT_TOUCH\ls\ArduinoCore\Debug\libArduinoCore.a(main.o)
 .debug_frame   0x00002790       0x54 C:\Users\Jeremy\Documents\Atmel Studio\7.0\LS_1_4_2 - DO_NOT_TOUCH\ls\ArduinoCore\Debug\libArduinoCore.a(new.o)
 .debug_frame   0x000027e4      0x3ac C:\Users\Jeremy\Documents\Atmel Studio\7.0\LS_1_4_2 - DO_NOT_TOUCH\ls\ArduinoCore\Debug\libArduinoCore.a(Print.o)
 .debug_frame   0x00002b90       0xc4 C:\Users\Jeremy\Documents\Atmel Studio\7.0\LS_1_4_2 - DO_NOT_TOUCH\ls\ArduinoCore\Debug\libArduinoCore.a(wiring.o)
 .debug_frame   0x00002c54       0x7c C:\Users\Jeremy\Documents\Atmel Studio\7.0\LS_1_4_2 - DO_NOT_TOUCH\ls\ArduinoCore\Debug\libArduinoCore.a(wiring_digital.o)
 .debug_frame   0x00002cd0       0xf4 C:\Users\Jeremy\Documents\Atmel Studio\7.0\LS_1_4_2 - DO_NOT_TOUCH\ls\ArduinoCore\Debug\libArduinoCore.a(WMath.o)
 .debug_frame   0x00002dc4      0xa60 C:\Users\Jeremy\Documents\Atmel Studio\7.0\LS_1_4_2 - DO_NOT_TOUCH\ls\ArduinoCore\Debug\libArduinoCore.a(WString.o)
 .debug_frame   0x00003824      0x110 C:\Users\Jeremy\Documents\Atmel Studio\7.0\LS_1_4_2 - DO_NOT_TOUCH\ls\ArduinoCore\Debug\libArduinoCore.a(HardwareSerial.o)

.debug_str      0x00000000     0xa3a4
 *(.debug_str)
 .debug_str     0x00000000      0x231 C:/Program Files (x86)/Atmel/Studio/7.0/Packs/atmel/ATmega_DFP/1.2.150/gcc/dev/atmega644/avr5/crtatmega644.o
 .debug_str     0x00000231     0x14ba ADXL345.o
                               0x156c (size before relaxing)
 .debug_str     0x000016eb      0xb24 Menus.o
                                0xe30 (size before relaxing)
 .debug_str     0x0000220f      0x395 OLED.o
                                0x79f (size before relaxing)
 .debug_str     0x000025a4       0x91 Rotary.o
                                0x2f9 (size before relaxing)
 .debug_str     0x00002635     0x4b23 Sketch.o
                               0x6ac4 (size before relaxing)
 .debug_str     0x00007158      0x2c9 src/libraries/AltSoftSerial-master/AltSoftSerial.o
                               0x1670 (size before relaxing)
 .debug_str     0x00007421       0x9a src/libraries/FastLED-3.1/colorpalettes.o
                               0x116b (size before relaxing)
 .debug_str     0x000074bb     0x16a7 src/libraries/FastLED-3.1/colorutils.o
                               0x3008 (size before relaxing)
 .debug_str     0x00008b62      0x11d src/libraries/FastLED-3.1/FastLED.o
                               0x1b3a (size before relaxing)
 .debug_str     0x00008c7f      0x24a src/libraries/FastLED-3.1/hsv2rgb.o
                               0x1363 (size before relaxing)
 .debug_str     0x00008ec9       0x32 src/libraries/FastLED-3.1/lib8tion.o
                                0x5a9 (size before relaxing)
 .debug_str     0x00008efb      0x2b6 src/libraries/Wire/src/utility/twi.o
                                0x3c1 (size before relaxing)
 .debug_str     0x000091b1      0x46f src/libraries/Wire/src/Wire.o
                               0x18b8 (size before relaxing)
 .debug_str     0x00009620       0x73 C:\Users\Jeremy\Documents\Atmel Studio\7.0\LS_1_4_2 - DO_NOT_TOUCH\ls\ArduinoCore\Debug\libArduinoCore.a(abi.o)
                                0x18c (size before relaxing)
 .debug_str     0x00009693      0x13f C:\Users\Jeremy\Documents\Atmel Studio\7.0\LS_1_4_2 - DO_NOT_TOUCH\ls\ArduinoCore\Debug\libArduinoCore.a(HardwareSerial0.o)
                               0x13f6 (size before relaxing)
 .debug_str     0x000097d2       0x5f C:\Users\Jeremy\Documents\Atmel Studio\7.0\LS_1_4_2 - DO_NOT_TOUCH\ls\ArduinoCore\Debug\libArduinoCore.a(hooks.o)
                                0x12d (size before relaxing)
 .debug_str     0x00009831       0x53 C:\Users\Jeremy\Documents\Atmel Studio\7.0\LS_1_4_2 - DO_NOT_TOUCH\ls\ArduinoCore\Debug\libArduinoCore.a(main.o)
                                0x2a2 (size before relaxing)
 .debug_str     0x00009884       0x50 C:\Users\Jeremy\Documents\Atmel Studio\7.0\LS_1_4_2 - DO_NOT_TOUCH\ls\ArduinoCore\Debug\libArduinoCore.a(new.o)
                                0x1b8 (size before relaxing)
 .debug_str     0x000098d4      0x335 C:\Users\Jeremy\Documents\Atmel Studio\7.0\LS_1_4_2 - DO_NOT_TOUCH\ls\ArduinoCore\Debug\libArduinoCore.a(Print.o)
                               0x1230 (size before relaxing)
 .debug_str     0x00009c09       0x5e C:\Users\Jeremy\Documents\Atmel Studio\7.0\LS_1_4_2 - DO_NOT_TOUCH\ls\ArduinoCore\Debug\libArduinoCore.a(wiring.o)
                                0x238 (size before relaxing)
 .debug_str     0x00009c67       0x5d C:\Users\Jeremy\Documents\Atmel Studio\7.0\LS_1_4_2 - DO_NOT_TOUCH\ls\ArduinoCore\Debug\libArduinoCore.a(wiring_digital.o)
                                0x29d (size before relaxing)
 .debug_str     0x00009cc4       0x96 C:\Users\Jeremy\Documents\Atmel Studio\7.0\LS_1_4_2 - DO_NOT_TOUCH\ls\ArduinoCore\Debug\libArduinoCore.a(WMath.o)
                                0x23b (size before relaxing)
 .debug_str     0x00009d5a      0x3b9 C:\Users\Jeremy\Documents\Atmel Studio\7.0\LS_1_4_2 - DO_NOT_TOUCH\ls\ArduinoCore\Debug\libArduinoCore.a(WString.o)
                               0x1183 (size before relaxing)
 .debug_str     0x0000a113      0x291 C:\Users\Jeremy\Documents\Atmel Studio\7.0\LS_1_4_2 - DO_NOT_TOUCH\ls\ArduinoCore\Debug\libArduinoCore.a(HardwareSerial.o)
                               0x15da (size before relaxing)

.debug_loc      0x00000000    0x18e40
 *(.debug_loc)
 .debug_loc     0x00000000     0x2536 ADXL345.o
 .debug_loc     0x00002536      0x9e1 Menus.o
 .debug_loc     0x00002f17     0x1284 OLED.o
 .debug_loc     0x0000419b      0x14b Rotary.o
 .debug_loc     0x000042e6     0x3d48 Sketch.o
 .debug_loc     0x0000802e      0x67f src/libraries/AltSoftSerial-master/AltSoftSerial.o
 .debug_loc     0x000086ad     0x5ee0 src/libraries/FastLED-3.1/colorutils.o
 .debug_loc     0x0000e58d     0x1041 src/libraries/FastLED-3.1/FastLED.o
 .debug_loc     0x0000f5ce     0x162c src/libraries/FastLED-3.1/hsv2rgb.o
 .debug_loc     0x00010bfa       0xd2 src/libraries/FastLED-3.1/lib8tion.o
 .debug_loc     0x00010ccc      0x3e6 src/libraries/Wire/src/utility/twi.o
 .debug_loc     0x000110b2      0xbfd src/libraries/Wire/src/Wire.o
 .debug_loc     0x00011caf      0x1b0 C:\Users\Jeremy\Documents\Atmel Studio\7.0\LS_1_4_2 - DO_NOT_TOUCH\ls\ArduinoCore\Debug\libArduinoCore.a(HardwareSerial0.o)
 .debug_loc     0x00011e5f       0x4c C:\Users\Jeremy\Documents\Atmel Studio\7.0\LS_1_4_2 - DO_NOT_TOUCH\ls\ArduinoCore\Debug\libArduinoCore.a(new.o)
 .debug_loc     0x00011eab     0x1c87 C:\Users\Jeremy\Documents\Atmel Studio\7.0\LS_1_4_2 - DO_NOT_TOUCH\ls\ArduinoCore\Debug\libArduinoCore.a(Print.o)
 .debug_loc     0x00013b32      0x28d C:\Users\Jeremy\Documents\Atmel Studio\7.0\LS_1_4_2 - DO_NOT_TOUCH\ls\ArduinoCore\Debug\libArduinoCore.a(wiring.o)
 .debug_loc     0x00013dbf      0x5fc C:\Users\Jeremy\Documents\Atmel Studio\7.0\LS_1_4_2 - DO_NOT_TOUCH\ls\ArduinoCore\Debug\libArduinoCore.a(wiring_digital.o)
 .debug_loc     0x000143bb      0x3d6 C:\Users\Jeremy\Documents\Atmel Studio\7.0\LS_1_4_2 - DO_NOT_TOUCH\ls\ArduinoCore\Debug\libArduinoCore.a(WMath.o)
 .debug_loc     0x00014791     0x422d C:\Users\Jeremy\Documents\Atmel Studio\7.0\LS_1_4_2 - DO_NOT_TOUCH\ls\ArduinoCore\Debug\libArduinoCore.a(WString.o)
 .debug_loc     0x000189be      0x482 C:\Users\Jeremy\Documents\Atmel Studio\7.0\LS_1_4_2 - DO_NOT_TOUCH\ls\ArduinoCore\Debug\libArduinoCore.a(HardwareSerial.o)

.debug_macinfo
 *(.debug_macinfo)

.debug_weaknames
 *(.debug_weaknames)

.debug_funcnames
 *(.debug_funcnames)

.debug_typenames
 *(.debug_typenames)

.debug_varnames
 *(.debug_varnames)

.debug_pubtypes
 *(.debug_pubtypes)

.debug_ranges   0x00000000     0x1250
 *(.debug_ranges)
 .debug_ranges  0x00000000      0x2d0 ADXL345.o
 .debug_ranges  0x000002d0       0x78 Menus.o
 .debug_ranges  0x00000348      0x158 OLED.o
 .debug_ranges  0x000004a0       0x18 Rotary.o
 .debug_ranges  0x000004b8      0x298 Sketch.o
 .debug_ranges  0x00000750       0x78 src/libraries/AltSoftSerial-master/AltSoftSerial.o
 .debug_ranges  0x000007c8      0x260 src/libraries/FastLED-3.1/colorutils.o
 .debug_ranges  0x00000a28       0xa8 src/libraries/FastLED-3.1/FastLED.o
 .debug_ranges  0x00000ad0       0x70 src/libraries/FastLED-3.1/hsv2rgb.o
 .debug_ranges  0x00000b40       0x20 src/libraries/FastLED-3.1/lib8tion.o
 .debug_ranges  0x00000b60       0x70 src/libraries/Wire/src/utility/twi.o
 .debug_ranges  0x00000bd0       0xe8 src/libraries/Wire/src/Wire.o
 .debug_ranges  0x00000cb8       0x10 C:\Users\Jeremy\Documents\Atmel Studio\7.0\LS_1_4_2 - DO_NOT_TOUCH\ls\ArduinoCore\Debug\libArduinoCore.a(abi.o)
 .debug_ranges  0x00000cc8       0x38 C:\Users\Jeremy\Documents\Atmel Studio\7.0\LS_1_4_2 - DO_NOT_TOUCH\ls\ArduinoCore\Debug\libArduinoCore.a(HardwareSerial0.o)
 .debug_ranges  0x00000d00       0x10 C:\Users\Jeremy\Documents\Atmel Studio\7.0\LS_1_4_2 - DO_NOT_TOUCH\ls\ArduinoCore\Debug\libArduinoCore.a(hooks.o)
 .debug_ranges  0x00000d10       0x20 C:\Users\Jeremy\Documents\Atmel Studio\7.0\LS_1_4_2 - DO_NOT_TOUCH\ls\ArduinoCore\Debug\libArduinoCore.a(main.o)